******************************************************************************
                  MSP430 Linker PC v4.4.3                      
******************************************************************************
>> Linked Tue Nov 08 19:39:16 2016

OUTPUT FILE NAME:   <PowerHourController.out>
ENTRY POINT SYMBOL: "_c_int00_noargs_noexit"  address: 0000cb5c


MEMORY CONFIGURATION

         name            origin    length      used     unused   attr    fill
----------------------  --------  ---------  --------  --------  ----  --------
  SFR                   00000000   00000010  00000000  00000010  RWIX
  PERIPHERALS_8BIT      00000010   000000f0  00000000  000000f0  RWIX
  PERIPHERALS_16BIT     00000100   00000100  00000000  00000100  RWIX
  RAM                   00000200   00000200  000001f6  0000000a  RWIX
  INFOD                 00001000   00000040  00000000  00000040  RWIX
  INFOC                 00001040   00000040  00000000  00000040  RWIX
  INFOB                 00001080   00000040  00000000  00000040  RWIX
  INFOA                 000010c0   00000040  00000000  00000040  RWIX
  FLASH                 0000c000   00003fe0  0000110a  00002ed6  RWIX
  INT00                 0000ffe0   00000002  00000002  00000000  RWIX
  INT01                 0000ffe2   00000002  00000000  00000002  RWIX
  INT02                 0000ffe4   00000002  00000002  00000000  RWIX
  INT03                 0000ffe6   00000002  00000002  00000000  RWIX
  INT04                 0000ffe8   00000002  00000000  00000002  RWIX
  INT05                 0000ffea   00000002  00000002  00000000  RWIX
  INT06                 0000ffec   00000002  00000002  00000000  RWIX
  INT07                 0000ffee   00000002  00000002  00000000  RWIX
  INT08                 0000fff0   00000002  00000002  00000000  RWIX
  INT09                 0000fff2   00000002  00000002  00000000  RWIX
  INT10                 0000fff4   00000002  00000002  00000000  RWIX
  INT11                 0000fff6   00000002  00000002  00000000  RWIX
  INT12                 0000fff8   00000002  00000002  00000000  RWIX
  INT13                 0000fffa   00000002  00000002  00000000  RWIX
  INT14                 0000fffc   00000002  00000002  00000000  RWIX
  RESET                 0000fffe   00000002  00000002  00000000  RWIX


SECTION ALLOCATION MAP

 output                                  attributes/
section   page    origin      length       input sections
--------  ----  ----------  ----------   ----------------
.data      0    00000320    00000068     UNINITIALIZED
                  00000320    00000030     register.obj (.data:ports)
                  00000350    00000012     DisplayController.obj (.data:toastArray)
                  00000362    0000000d     main.obj (.data)
                  0000036f    00000001     --HOLE--
                  00000370    00000008     ServoController.obj (.data)
                  00000378    00000004     register.obj (.data)
                  0000037c    00000004     rts430_eabi.lib : rand.obj (.data)
                  00000380    00000003     DisplayController.obj (.data)
                  00000383    00000001     --HOLE--
                  00000384    00000002     rts430_eabi.lib : _lock.obj (.data:_lock)
                  00000386    00000002                     : _lock.obj (.data:_unlock)

.bss       0    00000388    0000001e     UNINITIALIZED
                  00000388    0000000c     (.common:sY)
                  00000394    00000008     (.common:parmbuf)
                  0000039c    00000002     (.common:callback10msec)
                  0000039e    00000002     (.common:callback1sec)
                  000003a0    00000002     (.common:my_state)
                  000003a2    00000002     (.common:priv_disp_conf_ptr)
                  000003a4    00000001     (.common:timer_flag)
                  000003a5    00000001     (.common:timer_special_flag)

.cio       0    00000200    00000120     UNINITIALIZED
                  00000200    00000120     rts430_eabi.lib : trgmsg.obj (.cio)

.TI.persistent 
*          0    00000320    00000000     UNINITIALIZED

.stack     0    000003b0    00000050     UNINITIALIZED
                  000003b0    00000002     rts430_eabi.lib : boot.obj (.stack)
                  000003b2    0000004e     --HOLE--

.text      0    0000c000    00000d62     
                  0000c000    000000fe     display.obj (.text:disp_init)
                  0000c0fe    000000da     DisplayController.obj (.text:display_cyclic_1sec)
                  0000c1d8    000000da     register.obj (.text:ports_init)
                  0000c2b2    000000d2     misc.obj (.text:long2string)
                  0000c384    000000c2     main.obj (.text:main)
                  0000c446    00000064     rts430_eabi.lib : copy_decompress_rle.obj (.text:__TI_decompress_rle_core)
                  0000c4aa    00000062     DisplayController.obj (.text:convertTimerString)
                  0000c50c    0000005a     display.obj (.text:disp_write_string)
                  0000c566    0000005a     display.obj (.text:execute_LCD)
                  0000c5c0    0000005a     ServoController.obj (.text:servo_cyclic_1sec)
                  0000c61a    00000058     rts430_eabi.lib : autoinit.obj (.text:_auto_init)
                  0000c672    00000058                     : div32u.obj (.text)
                  0000c6ca    00000054     DisplayController.obj (.text:display_set_state)
                  0000c71e    00000050     rts430_eabi.lib : trgdrv.obj (.text:HOSTtime)
                  0000c76e    0000004e     ServoController.obj (.text:servo_cyclic10msec)
                  0000c7bc    0000004c     register.obj (.text:register_init)
                  0000c808    00000040     rts430_eabi.lib : div32s.obj (.text)
                  0000c848    0000003e     register.obj (.text:Timer0_A0)
                  0000c886    0000003e     DisplayController.obj (.text:display_cyclic_10msec)
                  0000c8c4    0000003e     rts430_eabi.lib : lsl32.obj (.text:l_lsl_const)
                  0000c902    0000003a     main.obj (.text:init_routine)
                  0000c93c    00000038     DisplayController.obj (.text:displaySpecialTask)
                  0000c974    00000038     rts430_eabi.lib : rand.obj (.text:rand)
                  0000c9ac    00000030     main.obj (.text:incMainTimer)
                  0000c9dc    0000002e     rts430_eabi.lib : trgmsg.obj (.text:__TI_writemsg)
                  0000ca0a    0000002c                     : trgmsg.obj (.text:__TI_readmsg)
                  0000ca36    0000002c                     : div16s.obj (.text)
                  0000ca62    00000028     register.obj (.text:pwm_init)
                  0000ca8a    00000026     display.obj (.text:disp_clear_low)
                  0000cab0    00000026     display.obj (.text:disp_function_set)
                  0000cad6    00000026     rts430_eabi.lib : mult32.obj (.text)
                  0000cafc    00000022     display.obj (.text:disp_write_char)
                  0000cb1e    00000020     DisplayController.obj (.text:displayToast)
                  0000cb3e    0000001e     display.obj (.text:disp_clear_high)
                  0000cb5c    0000001a     rts430_eabi.lib : boot_special.obj (.text:_c_int00_noargs_noexit)
                  0000cb76    00000018                     : rand.obj (.text:srand)
                  0000cb8e    00000018                     : time.obj (.text:time)
                  0000cba6    00000018     register.obj (.text:wait_msec)
                  0000cbbe    00000016     rts430_eabi.lib : div16u.obj (.text)
                  0000cbd4    00000014                     : copy_zero_init.obj (.text:decompress:ZI:__TI_zero_init)
                  0000cbe8    00000014                     : mult16.obj (.text)
                  0000cbfc    00000014     register.obj (.text:set_clk)
                  0000cc10    00000014     register.obj (.text:set_cs)
                  0000cc24    00000014     register.obj (.text:set_rs)
                  0000cc38    00000014     register.obj (.text:timer_init)
                  0000cc4c    00000012     rts430_eabi.lib : copy_decompress_none.obj (.text:decompress:none:__TI_decompress_none)
                  0000cc5e    00000012     display.obj (.text:disp_on_off_set)
                  0000cc70    00000012     rts430_eabi.lib : memcpy.obj (.text:memcpy)
                  0000cc82    00000010     register.obj (.text:PORT_BACKLIGHT)
                  0000cc92    00000010     DisplayController.obj (.text:display_init)
                  0000cca2    00000010     rts430_eabi.lib : epilog.obj (.text)
                  0000ccb2    00000010     register.obj (.text:set_si)
                  0000ccc2    0000000e     display.obj (.text:DDR_address_set)
                  0000ccd0    0000000e     display.obj (.text:disp_empty_char)
                  0000ccde    0000000e     register.obj (.text:isBtnSet)
                  0000ccec    0000000e     rts430_eabi.lib : strlen.obj (.text:strlen)
                  0000ccfa    0000000c     DisplayController.obj (.text:start_flash)
                  0000cd06    0000000a     register.obj (.text:isBtnStart)
                  0000cd10    0000000a     ServoController.obj (.text:servo_init)
                  0000cd1a    0000000a     main.obj (.text:timer_10msec)
                  0000cd24    0000000a     main.obj (.text:timer_1sec)
                  0000cd2e    0000000a     display.obj (.text:write_charcode)
                  0000cd38    00000008     ServoController.obj (.text:ringBell)
                  0000cd40    00000006     rts430_eabi.lib : isr_trap.obj (.text:_isr:__TI_ISR_TRAP)
                  0000cd46    00000006                     : copy_decompress_rle.obj (.text:decompress:rle24:__TI_decompress_rle24)
                  0000cd4c    00000006     display.obj (.text:disp_set_conf)
                  0000cd52    00000006     register.obj (.text:set_pwm_duty)
                  0000cd58    00000004     rts430_eabi.lib : pre_init.obj (.text:_system_pre_init)
                  0000cd5c    00000004                     : exit.obj (.text:abort)
                  0000cd60    00000002                     : _lock.obj (.text:_nop)

.const     0    0000cd62    0000032c     
                  0000cd62    00000290     DisplayController.obj (.const:.string)
                  0000cff2    00000058     DisplayController.obj (.const:SpecialTaskArray)
                  0000d04a    00000011     main.obj (.const:.string:menu2)
                  0000d05b    00000001     --HOLE-- [fill = 0]
                  0000d05c    0000000f     main.obj (.const:.string:welcome_message)
                  0000d06b    00000001     --HOLE-- [fill = 0]
                  0000d06c    0000000e     main.obj (.const:.string:menu1)
                  0000d07a    0000000b     DisplayController.obj (.const:.string:EndText)
                  0000d085    00000001     --HOLE-- [fill = 0]
                  0000d086    00000008     main.obj (.const:.string:version_str)

.cinit     0    0000d08e    0000007c     
                  0000d08e    00000062     (.cinit..data.load) [load image, compression = rle]
                  0000d0f0    00000006     (__TI_handler_table)
                  0000d0f6    00000004     (.cinit..bss.load) [load image, compression = zero_init]
                  0000d0fa    00000004     (.cinit..cio.load) [load image, compression = zero_init]
                  0000d0fe    0000000c     (__TI_cinit_table)

.init_array 
*          0    0000c000    00000000     UNINITIALIZED

TRAPINT    0    0000ffe0    00000002     
                  0000ffe0    00000002     rts430_eabi.lib : int00.obj (.int00)

PORT1      0    0000ffe4    00000002     
                  0000ffe4    00000002     rts430_eabi.lib : int02.obj (.int02)

PORT2      0    0000ffe6    00000002     
                  0000ffe6    00000002     rts430_eabi.lib : int03.obj (.int03)

ADC10      0    0000ffea    00000002     
                  0000ffea    00000002     rts430_eabi.lib : int05.obj (.int05)

USCIAB0TX 
*          0    0000ffec    00000002     
                  0000ffec    00000002     rts430_eabi.lib : int06.obj (.int06)

USCIAB0RX 
*          0    0000ffee    00000002     
                  0000ffee    00000002     rts430_eabi.lib : int07.obj (.int07)

TIMER0_A1 
*          0    0000fff0    00000002     
                  0000fff0    00000002     rts430_eabi.lib : int08.obj (.int08)

TIMER0_A0 
*          0    0000fff2    00000002     
                  0000fff2    00000002     register.obj (.int09)

WDT        0    0000fff4    00000002     
                  0000fff4    00000002     rts430_eabi.lib : int10.obj (.int10)

COMPARATORA 
*          0    0000fff6    00000002     
                  0000fff6    00000002     rts430_eabi.lib : int11.obj (.int11)

TIMER1_A1 
*          0    0000fff8    00000002     
                  0000fff8    00000002     rts430_eabi.lib : int12.obj (.int12)

TIMER1_A0 
*          0    0000fffa    00000002     
                  0000fffa    00000002     rts430_eabi.lib : int13.obj (.int13)

NMI        0    0000fffc    00000002     
                  0000fffc    00000002     rts430_eabi.lib : int14.obj (.int14)

.reset     0    0000fffe    00000002     
                  0000fffe    00000002     rts430_eabi.lib : boot.obj (.reset)


LINKER GENERATED COPY TABLES

__TI_cinit_table @ 0000d0fe records: 3, size/record: 4, table size: 12
	.data: load addr=0000d08e, load size=00000062 bytes, run addr=00000320, run size=00000068 bytes, compression=rle
	.bss: load addr=0000d0f6, load size=00000004 bytes, run addr=00000388, run size=0000001e bytes, compression=zero_init
	.cio: load addr=0000d0fa, load size=00000004 bytes, run addr=00000200, run size=00000120 bytes, compression=zero_init


LINKER GENERATED HANDLER TABLE

__TI_handler_table @ 0000d0f0 records: 3, size/record: 2, table size: 6
	index: 0, handler: __TI_zero_init
	index: 1, handler: __TI_decompress_rle24
	index: 2, handler: __TI_decompress_none


GLOBAL SYMBOLS: SORTED ALPHABETICALLY BY Name 

address   name                    
-------   ----                    
0000004a  ADC10AE0                
000001b0  ADC10CTL0               
000001b2  ADC10CTL1               
00000048  ADC10DTC0               
00000049  ADC10DTC1               
000001b4  ADC10MEM                
000001bc  ADC10SA                 
00000057  BCSCTL1                 
00000058  BCSCTL2                 
00000053  BCSCTL3                 
0000cd5c  C$$EXIT                 
0000ca06  C$$IO$$                 
00000059  CACTL1                  
0000005a  CACTL2                  
000010fb  CALBC1_12MHZ            
000010f9  CALBC1_16MHZ            
000010ff  CALBC1_1MHZ             
000010fd  CALBC1_8MHZ             
000010fa  CALDCO_12MHZ            
000010f8  CALDCO_16MHZ            
000010fe  CALDCO_1MHZ             
000010fc  CALDCO_8MHZ             
0000005b  CAPD                    
00000056  DCOCTL                  
00000128  FCTL1                   
0000012a  FCTL2                   
0000012c  FCTL3                   
0000c71e  HOSTtime                
00000000  IE1                     
00000001  IE2                     
00000002  IFG1                    
00000003  IFG2                    
00000022  P1DIR                   
00000025  P1IE                    
00000024  P1IES                   
00000023  P1IFG                   
00000020  P1IN                    
00000021  P1OUT                   
00000027  P1REN                   
00000026  P1SEL                   
00000041  P1SEL2                  
0000002a  P2DIR                   
0000002d  P2IE                    
0000002c  P2IES                   
0000002b  P2IFG                   
00000028  P2IN                    
00000029  P2OUT                   
0000002f  P2REN                   
0000002e  P2SEL                   
00000042  P2SEL2                  
0000001a  P3DIR                   
00000018  P3IN                    
00000019  P3OUT                   
00000010  P3REN                   
0000001b  P3SEL                   
00000043  P3SEL2                  
0000cc82  PORT_BACKLIGHT          
00000172  TA0CCR0                 
00000174  TA0CCR1                 
00000176  TA0CCR2                 
00000162  TA0CCTL0                
00000164  TA0CCTL1                
00000166  TA0CCTL2                
00000160  TA0CTL                  
0000012e  TA0IV                   
00000170  TA0R                    
00000192  TA1CCR0                 
00000194  TA1CCR1                 
00000196  TA1CCR2                 
00000182  TA1CCTL0                
00000184  TA1CCTL1                
00000186  TA1CCTL2                
00000180  TA1CTL                  
0000011e  TA1IV                   
00000190  TA1R                    
000010db  TLV_ADC10_1_LEN         
000010da  TLV_ADC10_1_TAG         
000010c0  TLV_CHECKSUM            
000010f7  TLV_DCO_30_LEN          
000010f6  TLV_DCO_30_TAG          
0000c848  Timer0_A0               
0000005d  UCA0ABCTL               
00000062  UCA0BR0                 
00000063  UCA0BR1                 
00000060  UCA0CTL0                
00000061  UCA0CTL1                
0000005f  UCA0IRRCTL              
0000005e  UCA0IRTCTL              
00000064  UCA0MCTL                
00000066  UCA0RXBUF               
00000065  UCA0STAT                
00000067  UCA0TXBUF               
0000006a  UCB0BR0                 
0000006b  UCB0BR1                 
00000068  UCB0CTL0                
00000069  UCB0CTL1                
0000006c  UCB0I2CIE               
00000118  UCB0I2COA               
0000011a  UCB0I2CSA               
0000006e  UCB0RXBUF               
0000006d  UCB0STAT                
0000006f  UCB0TXBUF               
00000120  WDTCTL                  
00000200  _CIOBUF_                
00000400  __STACK_END             
00000050  __STACK_SIZE            
0000d0fe  __TI_CINIT_Base         
0000d10a  __TI_CINIT_Limit        
0000d0f0  __TI_Handler_Table_Base 
0000d0f6  __TI_Handler_Table_Limit
UNDEFED   __TI_INITARRAY_Base     
UNDEFED   __TI_INITARRAY_Limit    
0000cd40  __TI_ISR_TRAP           
0000cc4c  __TI_decompress_none    
0000cd46  __TI_decompress_rle24   
0000ffe0  __TI_int00              
0000ffe4  __TI_int02              
0000ffe6  __TI_int03              
0000ffea  __TI_int05              
0000ffec  __TI_int06              
0000ffee  __TI_int07              
0000fff0  __TI_int08              
0000fff2  __TI_int09              
0000fff4  __TI_int10              
0000fff6  __TI_int11              
0000fff8  __TI_int12              
0000fffa  __TI_int13              
0000fffc  __TI_int14              
0000ca0a  __TI_readmsg            
0000c9dc  __TI_writemsg           
0000cbd4  __TI_zero_init          
ffffffff  __binit__               
ffffffff  __c_args__              
0000ca36  __mspabi_divi           
0000c808  __mspabi_divli          
0000cbbe  __mspabi_divu           
0000c672  __mspabi_divul          
0000ccae  __mspabi_func_epilog_1  
0000ccac  __mspabi_func_epilog_2  
0000ccaa  __mspabi_func_epilog_3  
0000cca8  __mspabi_func_epilog_4  
0000cca6  __mspabi_func_epilog_5  
0000cca4  __mspabi_func_epilog_6  
0000cca2  __mspabi_func_epilog_7  
0000cbe8  __mspabi_mpyi           
0000cbe8  __mspabi_mpyi_sw        
0000cad6  __mspabi_mpyl           
0000cad6  __mspabi_mpyl_sw        
0000ca36  __mspabi_remi           
0000c808  __mspabi_remli          
0000cbbe  __mspabi_remu           
0000c672  __mspabi_remul          
0000c8fc  __mspabi_slll_1         
0000c8d8  __mspabi_slll_10        
0000c8d4  __mspabi_slll_11        
0000c8d0  __mspabi_slll_12        
0000c8cc  __mspabi_slll_13        
0000c8c8  __mspabi_slll_14        
0000c8c4  __mspabi_slll_15        
0000c8f8  __mspabi_slll_2         
0000c8f4  __mspabi_slll_3         
0000c8f0  __mspabi_slll_4         
0000c8ec  __mspabi_slll_5         
0000c8e8  __mspabi_slll_6         
0000c8e4  __mspabi_slll_7         
0000c8e0  __mspabi_slll_8         
0000c8dc  __mspabi_slll_9         
0000c61a  _auto_init              
0000cb5c  _c_int00_noargs_noexit  
00000384  _lock                   
0000cd60  _nop                    
0000fffe  _reset_vector           
000003b0  _stack                  
0000cd58  _system_pre_init        
00000386  _unlock                 
0000cd5c  abort                   
0000037a  bReady                  
ffffffff  binit                   
0000cb3e  disp_clear_high         
0000ca8a  disp_clear_low          
0000ccd0  disp_empty_char         
0000c000  disp_init               
0000cd4c  disp_set_conf           
0000cafc  disp_write_char         
0000c50c  disp_write_string       
0000c886  display_cyclic_10msec   
0000c0fe  display_cyclic_1sec     
0000cc92  display_init            
0000c6ca  display_set_state       
0000ccde  isBtnSet                
0000cd06  isBtnStart              
0000c2b2  long2string             
0000c384  main                    
0000cc70  memcpy                  
0000d06c  menu1                   
0000d04a  menu2                   
00000376  multiring_buf_cnt       
0000036e  number_of_minutes       
00000320  ports                   
0000c1d8  ports_init              
000003a2  priv_disp_conf_ptr      
0000ca62  pwm_init                
0000c974  rand                    
0000c7bc  register_init           
00000388  sY                      
00000372  servo_activate_cnt      
00000370  servo_count             
0000c76e  servo_cyclic10msec      
0000c5c0  servo_cyclic_1sec       
0000cd10  servo_init              
00000374  servo_ring_cnt          
0000cbfc  set_clk                 
0000cc10  set_cs                  
0000cd52  set_pwm_duty            
0000cc24  set_rs                  
0000ccb2  set_si                  
0000cb76  srand                   
0000ccec  strlen                  
0000cb8e  time                    
0000cc38  timer_init              
0000d086  version_str             
0000cba6  wait_msec               
0000d05c  welcome_message         


GLOBAL SYMBOLS: SORTED BY Symbol Address 

address   name                    
-------   ----                    
00000000  IE1                     
00000001  IE2                     
00000002  IFG1                    
00000003  IFG2                    
00000010  P3REN                   
00000018  P3IN                    
00000019  P3OUT                   
0000001a  P3DIR                   
0000001b  P3SEL                   
00000020  P1IN                    
00000021  P1OUT                   
00000022  P1DIR                   
00000023  P1IFG                   
00000024  P1IES                   
00000025  P1IE                    
00000026  P1SEL                   
00000027  P1REN                   
00000028  P2IN                    
00000029  P2OUT                   
0000002a  P2DIR                   
0000002b  P2IFG                   
0000002c  P2IES                   
0000002d  P2IE                    
0000002e  P2SEL                   
0000002f  P2REN                   
00000041  P1SEL2                  
00000042  P2SEL2                  
00000043  P3SEL2                  
00000048  ADC10DTC0               
00000049  ADC10DTC1               
0000004a  ADC10AE0                
00000050  __STACK_SIZE            
00000053  BCSCTL3                 
00000056  DCOCTL                  
00000057  BCSCTL1                 
00000058  BCSCTL2                 
00000059  CACTL1                  
0000005a  CACTL2                  
0000005b  CAPD                    
0000005d  UCA0ABCTL               
0000005e  UCA0IRTCTL              
0000005f  UCA0IRRCTL              
00000060  UCA0CTL0                
00000061  UCA0CTL1                
00000062  UCA0BR0                 
00000063  UCA0BR1                 
00000064  UCA0MCTL                
00000065  UCA0STAT                
00000066  UCA0RXBUF               
00000067  UCA0TXBUF               
00000068  UCB0CTL0                
00000069  UCB0CTL1                
0000006a  UCB0BR0                 
0000006b  UCB0BR1                 
0000006c  UCB0I2CIE               
0000006d  UCB0STAT                
0000006e  UCB0RXBUF               
0000006f  UCB0TXBUF               
00000118  UCB0I2COA               
0000011a  UCB0I2CSA               
0000011e  TA1IV                   
00000120  WDTCTL                  
00000128  FCTL1                   
0000012a  FCTL2                   
0000012c  FCTL3                   
0000012e  TA0IV                   
00000160  TA0CTL                  
00000162  TA0CCTL0                
00000164  TA0CCTL1                
00000166  TA0CCTL2                
00000170  TA0R                    
00000172  TA0CCR0                 
00000174  TA0CCR1                 
00000176  TA0CCR2                 
00000180  TA1CTL                  
00000182  TA1CCTL0                
00000184  TA1CCTL1                
00000186  TA1CCTL2                
00000190  TA1R                    
00000192  TA1CCR0                 
00000194  TA1CCR1                 
00000196  TA1CCR2                 
000001b0  ADC10CTL0               
000001b2  ADC10CTL1               
000001b4  ADC10MEM                
000001bc  ADC10SA                 
00000200  _CIOBUF_                
00000320  ports                   
0000036e  number_of_minutes       
00000370  servo_count             
00000372  servo_activate_cnt      
00000374  servo_ring_cnt          
00000376  multiring_buf_cnt       
0000037a  bReady                  
00000384  _lock                   
00000386  _unlock                 
00000388  sY                      
000003a2  priv_disp_conf_ptr      
000003b0  _stack                  
00000400  __STACK_END             
000010c0  TLV_CHECKSUM            
000010da  TLV_ADC10_1_TAG         
000010db  TLV_ADC10_1_LEN         
000010f6  TLV_DCO_30_TAG          
000010f7  TLV_DCO_30_LEN          
000010f8  CALDCO_16MHZ            
000010f9  CALBC1_16MHZ            
000010fa  CALDCO_12MHZ            
000010fb  CALBC1_12MHZ            
000010fc  CALDCO_8MHZ             
000010fd  CALBC1_8MHZ             
000010fe  CALDCO_1MHZ             
000010ff  CALBC1_1MHZ             
0000c000  disp_init               
0000c0fe  display_cyclic_1sec     
0000c1d8  ports_init              
0000c2b2  long2string             
0000c384  main                    
0000c50c  disp_write_string       
0000c5c0  servo_cyclic_1sec       
0000c61a  _auto_init              
0000c672  __mspabi_divul          
0000c672  __mspabi_remul          
0000c6ca  display_set_state       
0000c71e  HOSTtime                
0000c76e  servo_cyclic10msec      
0000c7bc  register_init           
0000c808  __mspabi_divli          
0000c808  __mspabi_remli          
0000c848  Timer0_A0               
0000c886  display_cyclic_10msec   
0000c8c4  __mspabi_slll_15        
0000c8c8  __mspabi_slll_14        
0000c8cc  __mspabi_slll_13        
0000c8d0  __mspabi_slll_12        
0000c8d4  __mspabi_slll_11        
0000c8d8  __mspabi_slll_10        
0000c8dc  __mspabi_slll_9         
0000c8e0  __mspabi_slll_8         
0000c8e4  __mspabi_slll_7         
0000c8e8  __mspabi_slll_6         
0000c8ec  __mspabi_slll_5         
0000c8f0  __mspabi_slll_4         
0000c8f4  __mspabi_slll_3         
0000c8f8  __mspabi_slll_2         
0000c8fc  __mspabi_slll_1         
0000c974  rand                    
0000c9dc  __TI_writemsg           
0000ca06  C$$IO$$                 
0000ca0a  __TI_readmsg            
0000ca36  __mspabi_divi           
0000ca36  __mspabi_remi           
0000ca62  pwm_init                
0000ca8a  disp_clear_low          
0000cad6  __mspabi_mpyl           
0000cad6  __mspabi_mpyl_sw        
0000cafc  disp_write_char         
0000cb3e  disp_clear_high         
0000cb5c  _c_int00_noargs_noexit  
0000cb76  srand                   
0000cb8e  time                    
0000cba6  wait_msec               
0000cbbe  __mspabi_divu           
0000cbbe  __mspabi_remu           
0000cbd4  __TI_zero_init          
0000cbe8  __mspabi_mpyi           
0000cbe8  __mspabi_mpyi_sw        
0000cbfc  set_clk                 
0000cc10  set_cs                  
0000cc24  set_rs                  
0000cc38  timer_init              
0000cc4c  __TI_decompress_none    
0000cc70  memcpy                  
0000cc82  PORT_BACKLIGHT          
0000cc92  display_init            
0000cca2  __mspabi_func_epilog_7  
0000cca4  __mspabi_func_epilog_6  
0000cca6  __mspabi_func_epilog_5  
0000cca8  __mspabi_func_epilog_4  
0000ccaa  __mspabi_func_epilog_3  
0000ccac  __mspabi_func_epilog_2  
0000ccae  __mspabi_func_epilog_1  
0000ccb2  set_si                  
0000ccd0  disp_empty_char         
0000ccde  isBtnSet                
0000ccec  strlen                  
0000cd06  isBtnStart              
0000cd10  servo_init              
0000cd40  __TI_ISR_TRAP           
0000cd46  __TI_decompress_rle24   
0000cd4c  disp_set_conf           
0000cd52  set_pwm_duty            
0000cd58  _system_pre_init        
0000cd5c  C$$EXIT                 
0000cd5c  abort                   
0000cd60  _nop                    
0000d04a  menu2                   
0000d05c  welcome_message         
0000d06c  menu1                   
0000d086  version_str             
0000d0f0  __TI_Handler_Table_Base 
0000d0f6  __TI_Handler_Table_Limit
0000d0fe  __TI_CINIT_Base         
0000d10a  __TI_CINIT_Limit        
0000ffe0  __TI_int00              
0000ffe4  __TI_int02              
0000ffe6  __TI_int03              
0000ffea  __TI_int05              
0000ffec  __TI_int06              
0000ffee  __TI_int07              
0000fff0  __TI_int08              
0000fff2  __TI_int09              
0000fff4  __TI_int10              
0000fff6  __TI_int11              
0000fff8  __TI_int12              
0000fffa  __TI_int13              
0000fffc  __TI_int14              
0000fffe  _reset_vector           
ffffffff  __binit__               
ffffffff  __c_args__              
ffffffff  binit                   
UNDEFED   __TI_INITARRAY_Base     
UNDEFED   __TI_INITARRAY_Limit    

[223 symbols]
