<?xml version="1.0"?>
<link_info>
   <banner>MSP430 Linker PC v4.4.3</banner>
   <copyright>Copyright (c) 2003-2015 Texas Instruments Incorporated</copyright>
   <link_time>0x58220dc4</link_time>
   <link_errors>0x0</link_errors>
   <output_file>PowerHourController.out</output_file>
   <entry_point>
      <name>_c_int00_noargs_noexit</name>
      <address>0xcb5c</address>
   </entry_point>
   <input_file_list>
      <input_file id="fl-2">
         <path>.\</path>
         <kind>object</kind>
         <file>DisplayController.obj</file>
         <name>DisplayController.obj</name>
      </input_file>
      <input_file id="fl-3">
         <path>.\</path>
         <kind>object</kind>
         <file>ServoController.obj</file>
         <name>ServoController.obj</name>
      </input_file>
      <input_file id="fl-4">
         <path>.\</path>
         <kind>object</kind>
         <file>display.obj</file>
         <name>display.obj</name>
      </input_file>
      <input_file id="fl-5">
         <path>.\</path>
         <kind>object</kind>
         <file>main.obj</file>
         <name>main.obj</name>
      </input_file>
      <input_file id="fl-6">
         <path>.\</path>
         <kind>object</kind>
         <file>misc.obj</file>
         <name>misc.obj</name>
      </input_file>
      <input_file id="fl-7">
         <path>.\</path>
         <kind>object</kind>
         <file>register.obj</file>
         <name>register.obj</name>
      </input_file>
      <input_file id="fl-36">
         <path>C:\ti\ccsv6\tools\compiler\ti-cgt-msp430_4.4.3\lib\</path>
         <kind>archive</kind>
         <file>rts430_eabi.lib</file>
         <name>boot.obj</name>
      </input_file>
      <input_file id="fl-37">
         <path>C:\ti\ccsv6\tools\compiler\ti-cgt-msp430_4.4.3\lib\</path>
         <kind>archive</kind>
         <file>rts430_eabi.lib</file>
         <name>boot_special.obj</name>
      </input_file>
      <input_file id="fl-38">
         <path>C:\ti\ccsv6\tools\compiler\ti-cgt-msp430_4.4.3\lib\</path>
         <kind>archive</kind>
         <file>rts430_eabi.lib</file>
         <name>copy_decompress_none.obj</name>
      </input_file>
      <input_file id="fl-39">
         <path>C:\ti\ccsv6\tools\compiler\ti-cgt-msp430_4.4.3\lib\</path>
         <kind>archive</kind>
         <file>rts430_eabi.lib</file>
         <name>copy_decompress_rle.obj</name>
      </input_file>
      <input_file id="fl-3a">
         <path>C:\ti\ccsv6\tools\compiler\ti-cgt-msp430_4.4.3\lib\</path>
         <kind>archive</kind>
         <file>rts430_eabi.lib</file>
         <name>copy_zero_init.obj</name>
      </input_file>
      <input_file id="fl-3b">
         <path>C:\ti\ccsv6\tools\compiler\ti-cgt-msp430_4.4.3\lib\</path>
         <kind>archive</kind>
         <file>rts430_eabi.lib</file>
         <name>div16s.obj</name>
      </input_file>
      <input_file id="fl-3c">
         <path>C:\ti\ccsv6\tools\compiler\ti-cgt-msp430_4.4.3\lib\</path>
         <kind>archive</kind>
         <file>rts430_eabi.lib</file>
         <name>div16u.obj</name>
      </input_file>
      <input_file id="fl-3d">
         <path>C:\ti\ccsv6\tools\compiler\ti-cgt-msp430_4.4.3\lib\</path>
         <kind>archive</kind>
         <file>rts430_eabi.lib</file>
         <name>div32s.obj</name>
      </input_file>
      <input_file id="fl-3e">
         <path>C:\ti\ccsv6\tools\compiler\ti-cgt-msp430_4.4.3\lib\</path>
         <kind>archive</kind>
         <file>rts430_eabi.lib</file>
         <name>div32u.obj</name>
      </input_file>
      <input_file id="fl-3f">
         <path>C:\ti\ccsv6\tools\compiler\ti-cgt-msp430_4.4.3\lib\</path>
         <kind>archive</kind>
         <file>rts430_eabi.lib</file>
         <name>epilog.obj</name>
      </input_file>
      <input_file id="fl-40">
         <path>C:\ti\ccsv6\tools\compiler\ti-cgt-msp430_4.4.3\lib\</path>
         <kind>archive</kind>
         <file>rts430_eabi.lib</file>
         <name>exit.obj</name>
      </input_file>
      <input_file id="fl-41">
         <path>C:\ti\ccsv6\tools\compiler\ti-cgt-msp430_4.4.3\lib\</path>
         <kind>archive</kind>
         <file>rts430_eabi.lib</file>
         <name>int00.obj</name>
      </input_file>
      <input_file id="fl-42">
         <path>C:\ti\ccsv6\tools\compiler\ti-cgt-msp430_4.4.3\lib\</path>
         <kind>archive</kind>
         <file>rts430_eabi.lib</file>
         <name>int02.obj</name>
      </input_file>
      <input_file id="fl-43">
         <path>C:\ti\ccsv6\tools\compiler\ti-cgt-msp430_4.4.3\lib\</path>
         <kind>archive</kind>
         <file>rts430_eabi.lib</file>
         <name>int03.obj</name>
      </input_file>
      <input_file id="fl-44">
         <path>C:\ti\ccsv6\tools\compiler\ti-cgt-msp430_4.4.3\lib\</path>
         <kind>archive</kind>
         <file>rts430_eabi.lib</file>
         <name>int05.obj</name>
      </input_file>
      <input_file id="fl-45">
         <path>C:\ti\ccsv6\tools\compiler\ti-cgt-msp430_4.4.3\lib\</path>
         <kind>archive</kind>
         <file>rts430_eabi.lib</file>
         <name>int06.obj</name>
      </input_file>
      <input_file id="fl-46">
         <path>C:\ti\ccsv6\tools\compiler\ti-cgt-msp430_4.4.3\lib\</path>
         <kind>archive</kind>
         <file>rts430_eabi.lib</file>
         <name>int07.obj</name>
      </input_file>
      <input_file id="fl-47">
         <path>C:\ti\ccsv6\tools\compiler\ti-cgt-msp430_4.4.3\lib\</path>
         <kind>archive</kind>
         <file>rts430_eabi.lib</file>
         <name>int08.obj</name>
      </input_file>
      <input_file id="fl-48">
         <path>C:\ti\ccsv6\tools\compiler\ti-cgt-msp430_4.4.3\lib\</path>
         <kind>archive</kind>
         <file>rts430_eabi.lib</file>
         <name>int10.obj</name>
      </input_file>
      <input_file id="fl-49">
         <path>C:\ti\ccsv6\tools\compiler\ti-cgt-msp430_4.4.3\lib\</path>
         <kind>archive</kind>
         <file>rts430_eabi.lib</file>
         <name>int11.obj</name>
      </input_file>
      <input_file id="fl-4a">
         <path>C:\ti\ccsv6\tools\compiler\ti-cgt-msp430_4.4.3\lib\</path>
         <kind>archive</kind>
         <file>rts430_eabi.lib</file>
         <name>int12.obj</name>
      </input_file>
      <input_file id="fl-4b">
         <path>C:\ti\ccsv6\tools\compiler\ti-cgt-msp430_4.4.3\lib\</path>
         <kind>archive</kind>
         <file>rts430_eabi.lib</file>
         <name>int13.obj</name>
      </input_file>
      <input_file id="fl-4c">
         <path>C:\ti\ccsv6\tools\compiler\ti-cgt-msp430_4.4.3\lib\</path>
         <kind>archive</kind>
         <file>rts430_eabi.lib</file>
         <name>int14.obj</name>
      </input_file>
      <input_file id="fl-4d">
         <path>C:\ti\ccsv6\tools\compiler\ti-cgt-msp430_4.4.3\lib\</path>
         <kind>archive</kind>
         <file>rts430_eabi.lib</file>
         <name>isr_trap.obj</name>
      </input_file>
      <input_file id="fl-4e">
         <path>C:\ti\ccsv6\tools\compiler\ti-cgt-msp430_4.4.3\lib\</path>
         <kind>archive</kind>
         <file>rts430_eabi.lib</file>
         <name>memcpy.obj</name>
      </input_file>
      <input_file id="fl-4f">
         <path>C:\ti\ccsv6\tools\compiler\ti-cgt-msp430_4.4.3\lib\</path>
         <kind>archive</kind>
         <file>rts430_eabi.lib</file>
         <name>mpu_init.obj</name>
      </input_file>
      <input_file id="fl-50">
         <path>C:\ti\ccsv6\tools\compiler\ti-cgt-msp430_4.4.3\lib\</path>
         <kind>archive</kind>
         <file>rts430_eabi.lib</file>
         <name>mult16.obj</name>
      </input_file>
      <input_file id="fl-51">
         <path>C:\ti\ccsv6\tools\compiler\ti-cgt-msp430_4.4.3\lib\</path>
         <kind>archive</kind>
         <file>rts430_eabi.lib</file>
         <name>pre_init.obj</name>
      </input_file>
      <input_file id="fl-52">
         <path>C:\ti\ccsv6\tools\compiler\ti-cgt-msp430_4.4.3\lib\</path>
         <kind>archive</kind>
         <file>rts430_eabi.lib</file>
         <name>rand.obj</name>
      </input_file>
      <input_file id="fl-53">
         <path>C:\ti\ccsv6\tools\compiler\ti-cgt-msp430_4.4.3\lib\</path>
         <kind>archive</kind>
         <file>rts430_eabi.lib</file>
         <name>strlen.obj</name>
      </input_file>
      <input_file id="fl-54">
         <path>C:\ti\ccsv6\tools\compiler\ti-cgt-msp430_4.4.3\lib\</path>
         <kind>archive</kind>
         <file>rts430_eabi.lib</file>
         <name>time.obj</name>
      </input_file>
      <input_file id="fl-55">
         <path>C:\ti\ccsv6\tools\compiler\ti-cgt-msp430_4.4.3\lib\</path>
         <kind>archive</kind>
         <file>rts430_eabi.lib</file>
         <name>trgdrv.obj</name>
      </input_file>
      <input_file id="fl-56">
         <path>C:\ti\ccsv6\tools\compiler\ti-cgt-msp430_4.4.3\lib\</path>
         <kind>archive</kind>
         <file>rts430_eabi.lib</file>
         <name>trgmsg.obj</name>
      </input_file>
      <input_file id="fl-57">
         <path>C:\ti\ccsv6\tools\compiler\ti-cgt-msp430_4.4.3\lib\</path>
         <kind>archive</kind>
         <file>rts430_eabi.lib</file>
         <name>_lock.obj</name>
      </input_file>
      <input_file id="fl-58">
         <path>C:\ti\ccsv6\tools\compiler\ti-cgt-msp430_4.4.3\lib\</path>
         <kind>archive</kind>
         <file>rts430_eabi.lib</file>
         <name>args_main.obj</name>
      </input_file>
      <input_file id="fl-59">
         <path>C:\ti\ccsv6\tools\compiler\ti-cgt-msp430_4.4.3\lib\</path>
         <kind>archive</kind>
         <file>rts430_eabi.lib</file>
         <name>autoinit.obj</name>
      </input_file>
      <input_file id="fl-5a">
         <path>C:\ti\ccsv6\tools\compiler\ti-cgt-msp430_4.4.3\lib\</path>
         <kind>archive</kind>
         <file>rts430_eabi.lib</file>
         <name>lsl32.obj</name>
      </input_file>
      <input_file id="fl-5b">
         <path>C:\ti\ccsv6\tools\compiler\ti-cgt-msp430_4.4.3\lib\</path>
         <kind>archive</kind>
         <file>rts430_eabi.lib</file>
         <name>lsr32.obj</name>
      </input_file>
      <input_file id="fl-5c">
         <path>C:\ti\ccsv6\tools\compiler\ti-cgt-msp430_4.4.3\lib\</path>
         <kind>archive</kind>
         <file>rts430_eabi.lib</file>
         <name>mult32.obj</name>
      </input_file>
      <input_file id="fl-5d">
         <path>C:\ti\ccsv6\tools\compiler\ti-cgt-msp430_4.4.3\lib\</path>
         <kind>archive</kind>
         <file>rts430_eabi.lib</file>
         <name>strcpy.obj</name>
      </input_file>
   </input_file_list>
   <object_component_list>
      <object_component id="oc-243">
         <name>.common:my_state</name>
         <uninitialized>true</uninitialized>
         <run_address>0x3a0</run_address>
         <size>0x2</size>
      </object_component>
      <object_component id="oc-171">
         <name>.common:sY</name>
         <uninitialized>true</uninitialized>
         <run_address>0x388</run_address>
         <size>0xc</size>
      </object_component>
      <object_component id="oc-219">
         <name>.common:priv_disp_conf_ptr</name>
         <uninitialized>true</uninitialized>
         <run_address>0x3a2</run_address>
         <size>0x2</size>
      </object_component>
      <object_component id="oc-18c">
         <name>.common:timer_flag</name>
         <uninitialized>true</uninitialized>
         <run_address>0x3a4</run_address>
         <size>0x1</size>
      </object_component>
      <object_component id="oc-2c7">
         <name>.common:timer_special_flag</name>
         <uninitialized>true</uninitialized>
         <run_address>0x3a5</run_address>
         <size>0x1</size>
      </object_component>
      <object_component id="oc-111">
         <name>.common:callback10msec</name>
         <uninitialized>true</uninitialized>
         <run_address>0x39c</run_address>
         <size>0x2</size>
      </object_component>
      <object_component id="oc-114">
         <name>.common:callback1sec</name>
         <uninitialized>true</uninitialized>
         <run_address>0x39e</run_address>
         <size>0x2</size>
      </object_component>
      <object_component id="oc-330">
         <name>.common:parmbuf</name>
         <uninitialized>true</uninitialized>
         <run_address>0x394</run_address>
         <size>0x8</size>
      </object_component>
      <object_component id="oc-8c">
         <name>.stack</name>
         <uninitialized>true</uninitialized>
         <run_address>0x3b0</run_address>
         <size>0x2</size>
         <input_file_ref idref="fl-36"/>
      </object_component>
      <object_component id="oc-3b0">
         <name>.stack</name>
         <uninitialized>true</uninitialized>
         <run_address>0x3b0</run_address>
         <size>0x0</size>
      </object_component>
      <object_component id="oc-147">
         <name>.text:disp_init</name>
         <load_address>0xc000</load_address>
         <run_address>0xc000</run_address>
         <size>0xfe</size>
         <input_file_ref idref="fl-4"/>
      </object_component>
      <object_component id="oc-18f">
         <name>.text:display_cyclic_1sec</name>
         <load_address>0xc0fe</load_address>
         <run_address>0xc0fe</run_address>
         <size>0xda</size>
         <input_file_ref idref="fl-2"/>
      </object_component>
      <object_component id="oc-1e7">
         <name>.text:ports_init</name>
         <load_address>0xc1d8</load_address>
         <run_address>0xc1d8</run_address>
         <size>0xda</size>
         <input_file_ref idref="fl-7"/>
      </object_component>
      <object_component id="oc-174">
         <name>.text:long2string</name>
         <load_address>0xc2b2</load_address>
         <run_address>0xc2b2</run_address>
         <size>0xd2</size>
         <input_file_ref idref="fl-6"/>
      </object_component>
      <object_component id="oc-dc">
         <name>.text:main</name>
         <load_address>0xc384</load_address>
         <run_address>0xc384</run_address>
         <size>0xc2</size>
         <input_file_ref idref="fl-5"/>
      </object_component>
      <object_component id="oc-9d">
         <name>.text:__TI_decompress_rle_core</name>
         <load_address>0xc446</load_address>
         <run_address>0xc446</run_address>
         <size>0x64</size>
         <input_file_ref idref="fl-39"/>
      </object_component>
      <object_component id="oc-2a6">
         <name>.text:convertTimerString</name>
         <load_address>0xc4aa</load_address>
         <run_address>0xc4aa</run_address>
         <size>0x62</size>
         <input_file_ref idref="fl-2"/>
      </object_component>
      <object_component id="oc-17a">
         <name>.text:disp_write_string</name>
         <load_address>0xc50c</load_address>
         <run_address>0xc50c</run_address>
         <size>0x5a</size>
         <input_file_ref idref="fl-4"/>
      </object_component>
      <object_component id="oc-21d">
         <name>.text:execute_LCD</name>
         <load_address>0xc566</load_address>
         <run_address>0xc566</run_address>
         <size>0x5a</size>
         <input_file_ref idref="fl-4"/>
      </object_component>
      <object_component id="oc-195">
         <name>.text:servo_cyclic_1sec</name>
         <load_address>0xc5c0</load_address>
         <run_address>0xc5c0</run_address>
         <size>0x5a</size>
         <input_file_ref idref="fl-3"/>
      </object_component>
      <object_component id="oc-c2">
         <name>.text:_auto_init</name>
         <load_address>0xc61a</load_address>
         <run_address>0xc61a</run_address>
         <size>0x58</size>
         <input_file_ref idref="fl-59"/>
      </object_component>
      <object_component id="oc-2f8">
         <name>.text</name>
         <load_address>0xc672</load_address>
         <run_address>0xc672</run_address>
         <size>0x58</size>
         <input_file_ref idref="fl-3e"/>
      </object_component>
      <object_component id="oc-186">
         <name>.text:display_set_state</name>
         <load_address>0xc6ca</load_address>
         <run_address>0xc6ca</run_address>
         <size>0x54</size>
         <input_file_ref idref="fl-2"/>
      </object_component>
      <object_component id="oc-2de">
         <name>.text:HOSTtime</name>
         <load_address>0xc71e</load_address>
         <run_address>0xc71e</run_address>
         <size>0x50</size>
         <input_file_ref idref="fl-55"/>
      </object_component>
      <object_component id="oc-1d9">
         <name>.text:servo_cyclic10msec</name>
         <load_address>0xc76e</load_address>
         <run_address>0xc76e</run_address>
         <size>0x4e</size>
         <input_file_ref idref="fl-3"/>
      </object_component>
      <object_component id="oc-138">
         <name>.text:register_init</name>
         <load_address>0xc7bc</load_address>
         <run_address>0xc7bc</run_address>
         <size>0x4c</size>
         <input_file_ref idref="fl-7"/>
      </object_component>
      <object_component id="oc-261">
         <name>.text</name>
         <load_address>0xc808</load_address>
         <run_address>0xc808</run_address>
         <size>0x40</size>
         <input_file_ref idref="fl-3d"/>
      </object_component>
      <object_component id="oc-af">
         <name>.text:Timer0_A0</name>
         <load_address>0xc848</load_address>
         <run_address>0xc848</run_address>
         <size>0x3e</size>
         <input_file_ref idref="fl-7"/>
      </object_component>
      <object_component id="oc-1d3">
         <name>.text:display_cyclic_10msec</name>
         <load_address>0xc886</load_address>
         <run_address>0xc886</run_address>
         <size>0x3e</size>
         <input_file_ref idref="fl-2"/>
      </object_component>
      <object_component id="oc-33f">
         <name>.text:l_lsl_const</name>
         <load_address>0xc8c4</load_address>
         <run_address>0xc8c4</run_address>
         <size>0x3e</size>
         <input_file_ref idref="fl-5a"/>
      </object_component>
      <object_component id="oc-165">
         <name>.text:init_routine</name>
         <load_address>0xc902</load_address>
         <run_address>0xc902</run_address>
         <size>0x3a</size>
         <input_file_ref idref="fl-5"/>
      </object_component>
      <object_component id="oc-293">
         <name>.text:displaySpecialTask</name>
         <load_address>0xc93c</load_address>
         <run_address>0xc93c</run_address>
         <size>0x38</size>
         <input_file_ref idref="fl-2"/>
      </object_component>
      <object_component id="oc-315">
         <name>.text:rand</name>
         <load_address>0xc974</load_address>
         <run_address>0xc974</run_address>
         <size>0x38</size>
         <input_file_ref idref="fl-52"/>
      </object_component>
      <object_component id="oc-1e0">
         <name>.text:incMainTimer</name>
         <load_address>0xc9ac</load_address>
         <run_address>0xc9ac</run_address>
         <size>0x30</size>
         <input_file_ref idref="fl-5"/>
      </object_component>
      <object_component id="oc-333">
         <name>.text:__TI_writemsg</name>
         <load_address>0xc9dc</load_address>
         <run_address>0xc9dc</run_address>
         <size>0x2e</size>
         <input_file_ref idref="fl-56"/>
      </object_component>
      <object_component id="oc-339">
         <name>.text:__TI_readmsg</name>
         <load_address>0xca0a</load_address>
         <run_address>0xca0a</run_address>
         <size>0x2c</size>
         <input_file_ref idref="fl-56"/>
      </object_component>
      <object_component id="oc-2c2">
         <name>.text</name>
         <load_address>0xca36</load_address>
         <run_address>0xca36</run_address>
         <size>0x2c</size>
         <input_file_ref idref="fl-3b"/>
      </object_component>
      <object_component id="oc-1f3">
         <name>.text:pwm_init</name>
         <load_address>0xca62</load_address>
         <run_address>0xca62</run_address>
         <size>0x28</size>
         <input_file_ref idref="fl-7"/>
      </object_component>
      <object_component id="oc-282">
         <name>.text:disp_clear_low</name>
         <load_address>0xca8a</load_address>
         <run_address>0xca8a</run_address>
         <size>0x26</size>
         <input_file_ref idref="fl-4"/>
      </object_component>
      <object_component id="oc-223">
         <name>.text:disp_function_set</name>
         <load_address>0xcab0</load_address>
         <run_address>0xcab0</run_address>
         <size>0x26</size>
         <input_file_ref idref="fl-4"/>
      </object_component>
      <object_component id="oc-355">
         <name>.text</name>
         <load_address>0xcad6</load_address>
         <run_address>0xcad6</run_address>
         <size>0x26</size>
         <input_file_ref idref="fl-5c"/>
      </object_component>
      <object_component id="oc-26e">
         <name>.text:disp_write_char</name>
         <load_address>0xcafc</load_address>
         <run_address>0xcafc</run_address>
         <size>0x22</size>
         <input_file_ref idref="fl-4"/>
      </object_component>
      <object_component id="oc-2a0">
         <name>.text:displayToast</name>
         <load_address>0xcb1e</load_address>
         <run_address>0xcb1e</run_address>
         <size>0x20</size>
         <input_file_ref idref="fl-2"/>
      </object_component>
      <object_component id="oc-27c">
         <name>.text:disp_clear_high</name>
         <load_address>0xcb3e</load_address>
         <run_address>0xcb3e</run_address>
         <size>0x1e</size>
         <input_file_ref idref="fl-4"/>
      </object_component>
      <object_component id="oc-68">
         <name>.text:_c_int00_noargs_noexit</name>
         <load_address>0xcb5c</load_address>
         <run_address>0xcb5c</run_address>
         <size>0x1a</size>
         <input_file_ref idref="fl-37"/>
      </object_component>
      <object_component id="oc-23d">
         <name>.text:srand</name>
         <load_address>0xcb76</load_address>
         <run_address>0xcb76</run_address>
         <size>0x18</size>
         <input_file_ref idref="fl-52"/>
      </object_component>
      <object_component id="oc-237">
         <name>.text:time</name>
         <load_address>0xcb8e</load_address>
         <run_address>0xcb8e</run_address>
         <size>0x18</size>
         <input_file_ref idref="fl-54"/>
      </object_component>
      <object_component id="oc-159">
         <name>.text:wait_msec</name>
         <load_address>0xcba6</load_address>
         <run_address>0xcba6</run_address>
         <size>0x18</size>
         <input_file_ref idref="fl-7"/>
      </object_component>
      <object_component id="oc-28e">
         <name>.text</name>
         <load_address>0xcbbe</load_address>
         <run_address>0xcbbe</run_address>
         <size>0x16</size>
         <input_file_ref idref="fl-3c"/>
      </object_component>
      <object_component id="oc-4a">
         <name>.text:decompress:ZI:__TI_zero_init</name>
         <load_address>0xcbd4</load_address>
         <run_address>0xcbd4</run_address>
         <size>0x14</size>
         <input_file_ref idref="fl-3a"/>
      </object_component>
      <object_component id="oc-2c9">
         <name>.text</name>
         <load_address>0xcbe8</load_address>
         <run_address>0xcbe8</run_address>
         <size>0x14</size>
         <input_file_ref idref="fl-50"/>
      </object_component>
      <object_component id="oc-20c">
         <name>.text:set_clk</name>
         <load_address>0xcbfc</load_address>
         <run_address>0xcbfc</run_address>
         <size>0x14</size>
         <input_file_ref idref="fl-7"/>
      </object_component>
      <object_component id="oc-1fa">
         <name>.text:set_cs</name>
         <load_address>0xcc10</load_address>
         <run_address>0xcc10</run_address>
         <size>0x14</size>
         <input_file_ref idref="fl-7"/>
      </object_component>
      <object_component id="oc-200">
         <name>.text:set_rs</name>
         <load_address>0xcc24</load_address>
         <run_address>0xcc24</run_address>
         <size>0x14</size>
         <input_file_ref idref="fl-7"/>
      </object_component>
      <object_component id="oc-1ed">
         <name>.text:timer_init</name>
         <load_address>0xcc38</load_address>
         <run_address>0xcc38</run_address>
         <size>0x14</size>
         <input_file_ref idref="fl-7"/>
      </object_component>
      <object_component id="oc-31">
         <name>.text:decompress:none:__TI_decompress_none</name>
         <load_address>0xcc4c</load_address>
         <run_address>0xcc4c</run_address>
         <size>0x12</size>
         <input_file_ref idref="fl-38"/>
      </object_component>
      <object_component id="oc-229">
         <name>.text:disp_on_off_set</name>
         <load_address>0xcc5e</load_address>
         <run_address>0xcc5e</run_address>
         <size>0x12</size>
         <input_file_ref idref="fl-4"/>
      </object_component>
      <object_component id="oc-90">
         <name>.text:memcpy</name>
         <load_address>0xcc70</load_address>
         <run_address>0xcc70</run_address>
         <size>0x12</size>
         <input_file_ref idref="fl-4e"/>
      </object_component>
      <object_component id="oc-15f">
         <name>.text:PORT_BACKLIGHT</name>
         <load_address>0xcc82</load_address>
         <run_address>0xcc82</run_address>
         <size>0x10</size>
         <input_file_ref idref="fl-7"/>
      </object_component>
      <object_component id="oc-153">
         <name>.text:display_init</name>
         <load_address>0xcc92</load_address>
         <run_address>0xcc92</run_address>
         <size>0x10</size>
         <input_file_ref idref="fl-2"/>
      </object_component>
      <object_component id="oc-105">
         <name>.text</name>
         <load_address>0xcca2</load_address>
         <run_address>0xcca2</run_address>
         <size>0x10</size>
         <input_file_ref idref="fl-3f"/>
      </object_component>
      <object_component id="oc-206">
         <name>.text:set_si</name>
         <load_address>0xccb2</load_address>
         <run_address>0xccb2</run_address>
         <size>0x10</size>
         <input_file_ref idref="fl-7"/>
      </object_component>
      <object_component id="oc-302">
         <name>.text:DDR_address_set</name>
         <load_address>0xccc2</load_address>
         <run_address>0xccc2</run_address>
         <size>0xe</size>
         <input_file_ref idref="fl-4"/>
      </object_component>
      <object_component id="oc-274">
         <name>.text:disp_empty_char</name>
         <load_address>0xccd0</load_address>
         <run_address>0xccd0</run_address>
         <size>0xe</size>
         <input_file_ref idref="fl-4"/>
      </object_component>
      <object_component id="oc-16b">
         <name>.text:isBtnSet</name>
         <load_address>0xccde</load_address>
         <run_address>0xccde</run_address>
         <size>0xe</size>
         <input_file_ref idref="fl-7"/>
      </object_component>
      <object_component id="oc-268">
         <name>.text:strlen</name>
         <load_address>0xccec</load_address>
         <run_address>0xccec</run_address>
         <size>0xe</size>
         <input_file_ref idref="fl-53"/>
      </object_component>
      <object_component id="oc-299">
         <name>.text:start_flash</name>
         <load_address>0xccfa</load_address>
         <run_address>0xccfa</run_address>
         <size>0xc</size>
         <input_file_ref idref="fl-2"/>
      </object_component>
      <object_component id="oc-180">
         <name>.text:isBtnStart</name>
         <load_address>0xcd06</load_address>
         <run_address>0xcd06</run_address>
         <size>0xa</size>
         <input_file_ref idref="fl-7"/>
      </object_component>
      <object_component id="oc-14d">
         <name>.text:servo_init</name>
         <load_address>0xcd10</load_address>
         <run_address>0xcd10</run_address>
         <size>0xa</size>
         <input_file_ref idref="fl-3"/>
      </object_component>
      <object_component id="oc-12c">
         <name>.text:timer_10msec</name>
         <load_address>0xcd1a</load_address>
         <run_address>0xcd1a</run_address>
         <size>0xa</size>
         <input_file_ref idref="fl-5"/>
      </object_component>
      <object_component id="oc-132">
         <name>.text:timer_1sec</name>
         <load_address>0xcd24</load_address>
         <run_address>0xcd24</run_address>
         <size>0xa</size>
         <input_file_ref idref="fl-5"/>
      </object_component>
      <object_component id="oc-308">
         <name>.text:write_charcode</name>
         <load_address>0xcd2e</load_address>
         <run_address>0xcd2e</run_address>
         <size>0xa</size>
         <input_file_ref idref="fl-4"/>
      </object_component>
      <object_component id="oc-2b0">
         <name>.text:ringBell</name>
         <load_address>0xcd38</load_address>
         <run_address>0xcd38</run_address>
         <size>0x8</size>
         <input_file_ref idref="fl-3"/>
      </object_component>
      <object_component id="oc-aa">
         <name>.text:_isr:__TI_ISR_TRAP</name>
         <load_address>0xcd40</load_address>
         <run_address>0xcd40</run_address>
         <size>0x6</size>
         <input_file_ref idref="fl-4d"/>
      </object_component>
      <object_component id="oc-37">
         <name>.text:decompress:rle24:__TI_decompress_rle24</name>
         <load_address>0xcd46</load_address>
         <run_address>0xcd46</run_address>
         <size>0x6</size>
         <input_file_ref idref="fl-39"/>
      </object_component>
      <object_component id="oc-141">
         <name>.text:disp_set_conf</name>
         <load_address>0xcd4c</load_address>
         <run_address>0xcd4c</run_address>
         <size>0x6</size>
         <input_file_ref idref="fl-4"/>
      </object_component>
      <object_component id="oc-230">
         <name>.text:set_pwm_duty</name>
         <load_address>0xcd52</load_address>
         <run_address>0xcd52</run_address>
         <size>0x6</size>
         <input_file_ref idref="fl-7"/>
      </object_component>
      <object_component id="oc-bc">
         <name>.text:_system_pre_init</name>
         <load_address>0xcd58</load_address>
         <run_address>0xcd58</run_address>
         <size>0x4</size>
         <input_file_ref idref="fl-51"/>
      </object_component>
      <object_component id="oc-e4">
         <name>.text:abort</name>
         <load_address>0xcd5c</load_address>
         <run_address>0xcd5c</run_address>
         <size>0x4</size>
         <input_file_ref idref="fl-40"/>
      </object_component>
      <object_component id="oc-1c1">
         <name>.text:_nop</name>
         <load_address>0xcd60</load_address>
         <run_address>0xcd60</run_address>
         <size>0x2</size>
         <input_file_ref idref="fl-57"/>
      </object_component>
      <object_component id="oc-3ae">
         <name>.cinit..data.load</name>
         <load_address>0xd08e</load_address>
         <run_address>0xd08e</run_address>
         <size>0x62</size>
      </object_component>
      <object_component id="oc-3ab">
         <name>__TI_handler_table</name>
         <load_address>0xd0f0</load_address>
         <run_address>0xd0f0</run_address>
         <size>0x6</size>
      </object_component>
      <object_component id="oc-3ad">
         <name>.cinit..bss.load</name>
         <load_address>0xd0f6</load_address>
         <run_address>0xd0f6</run_address>
         <size>0x4</size>
      </object_component>
      <object_component id="oc-3af">
         <name>.cinit..cio.load</name>
         <load_address>0xd0fa</load_address>
         <run_address>0xd0fa</run_address>
         <size>0x4</size>
      </object_component>
      <object_component id="oc-3ac">
         <name>__TI_cinit_table</name>
         <load_address>0xd0fe</load_address>
         <run_address>0xd0fe</run_address>
         <size>0xc</size>
      </object_component>
      <object_component id="oc-29f">
         <name>.const:.string</name>
         <load_address>0xcd62</load_address>
         <run_address>0xcd62</run_address>
         <size>0x290</size>
         <input_file_ref idref="fl-2"/>
      </object_component>
      <object_component id="oc-31b">
         <name>.const:SpecialTaskArray</name>
         <load_address>0xcff2</load_address>
         <run_address>0xcff2</run_address>
         <size>0x58</size>
         <input_file_ref idref="fl-2"/>
      </object_component>
      <object_component id="oc-250">
         <name>.const:.string:menu2</name>
         <load_address>0xd04a</load_address>
         <run_address>0xd04a</run_address>
         <size>0x11</size>
         <input_file_ref idref="fl-5"/>
      </object_component>
      <object_component id="oc-247">
         <name>.const:.string:welcome_message</name>
         <load_address>0xd05c</load_address>
         <run_address>0xd05c</run_address>
         <size>0xf</size>
         <input_file_ref idref="fl-5"/>
      </object_component>
      <object_component id="oc-24d">
         <name>.const:.string:menu1</name>
         <load_address>0xd06c</load_address>
         <run_address>0xd06c</run_address>
         <size>0xe</size>
         <input_file_ref idref="fl-5"/>
      </object_component>
      <object_component id="oc-28b">
         <name>.const:.string:EndText</name>
         <load_address>0xd07a</load_address>
         <run_address>0xd07a</run_address>
         <size>0xb</size>
         <input_file_ref idref="fl-2"/>
      </object_component>
      <object_component id="oc-24a">
         <name>.const:.string:version_str</name>
         <load_address>0xd086</load_address>
         <run_address>0xd086</run_address>
         <size>0x8</size>
         <input_file_ref idref="fl-5"/>
      </object_component>
      <object_component id="oc-36b">
         <name>.cio</name>
         <uninitialized>true</uninitialized>
         <run_address>0x200</run_address>
         <size>0x120</size>
         <input_file_ref idref="fl-56"/>
      </object_component>
      <object_component id="oc-3d">
         <name>.int00</name>
         <load_address>0xffe0</load_address>
         <run_address>0xffe0</run_address>
         <size>0x2</size>
         <input_file_ref idref="fl-41"/>
      </object_component>
      <object_component id="oc-3e">
         <name>.int02</name>
         <load_address>0xffe4</load_address>
         <run_address>0xffe4</run_address>
         <size>0x2</size>
         <input_file_ref idref="fl-42"/>
      </object_component>
      <object_component id="oc-3f">
         <name>.int03</name>
         <load_address>0xffe6</load_address>
         <run_address>0xffe6</run_address>
         <size>0x2</size>
         <input_file_ref idref="fl-43"/>
      </object_component>
      <object_component id="oc-40">
         <name>.int05</name>
         <load_address>0xffea</load_address>
         <run_address>0xffea</run_address>
         <size>0x2</size>
         <input_file_ref idref="fl-44"/>
      </object_component>
      <object_component id="oc-41">
         <name>.int06</name>
         <load_address>0xffec</load_address>
         <run_address>0xffec</run_address>
         <size>0x2</size>
         <input_file_ref idref="fl-45"/>
      </object_component>
      <object_component id="oc-42">
         <name>.int07</name>
         <load_address>0xffee</load_address>
         <run_address>0xffee</run_address>
         <size>0x2</size>
         <input_file_ref idref="fl-46"/>
      </object_component>
      <object_component id="oc-43">
         <name>.int08</name>
         <load_address>0xfff0</load_address>
         <run_address>0xfff0</run_address>
         <size>0x2</size>
         <input_file_ref idref="fl-47"/>
      </object_component>
      <object_component id="oc-44">
         <name>.int09</name>
         <load_address>0xfff2</load_address>
         <run_address>0xfff2</run_address>
         <size>0x2</size>
         <input_file_ref idref="fl-7"/>
      </object_component>
      <object_component id="oc-45">
         <name>.int10</name>
         <load_address>0xfff4</load_address>
         <run_address>0xfff4</run_address>
         <size>0x2</size>
         <input_file_ref idref="fl-48"/>
      </object_component>
      <object_component id="oc-46">
         <name>.int11</name>
         <load_address>0xfff6</load_address>
         <run_address>0xfff6</run_address>
         <size>0x2</size>
         <input_file_ref idref="fl-49"/>
      </object_component>
      <object_component id="oc-47">
         <name>.int12</name>
         <load_address>0xfff8</load_address>
         <run_address>0xfff8</run_address>
         <size>0x2</size>
         <input_file_ref idref="fl-4a"/>
      </object_component>
      <object_component id="oc-48">
         <name>.int13</name>
         <load_address>0xfffa</load_address>
         <run_address>0xfffa</run_address>
         <size>0x2</size>
         <input_file_ref idref="fl-4b"/>
      </object_component>
      <object_component id="oc-49">
         <name>.int14</name>
         <load_address>0xfffc</load_address>
         <run_address>0xfffc</run_address>
         <size>0x2</size>
         <input_file_ref idref="fl-4c"/>
      </object_component>
      <object_component id="oc-8f">
         <name>.reset</name>
         <load_address>0xfffe</load_address>
         <run_address>0xfffe</run_address>
         <size>0x2</size>
         <input_file_ref idref="fl-36"/>
      </object_component>
      <object_component id="oc-320">
         <name>.data:toastArray</name>
         <load_address>0x350</load_address>
         <run_address>0x350</run_address>
         <size>0x12</size>
         <input_file_ref idref="fl-2"/>
      </object_component>
      <object_component id="oc-2bd">
         <name>.data</name>
         <load_address>0x380</load_address>
         <run_address>0x380</run_address>
         <size>0x3</size>
         <input_file_ref idref="fl-2"/>
      </object_component>
      <object_component id="oc-2ad">
         <name>.data</name>
         <load_address>0x370</load_address>
         <run_address>0x370</run_address>
         <size>0x8</size>
         <input_file_ref idref="fl-3"/>
      </object_component>
      <object_component id="oc-13e">
         <name>.data</name>
         <load_address>0x362</load_address>
         <run_address>0x362</run_address>
         <size>0xd</size>
         <input_file_ref idref="fl-5"/>
      </object_component>
      <object_component id="oc-2ce">
         <name>.data:ports</name>
         <load_address>0x320</load_address>
         <run_address>0x320</run_address>
         <size>0x30</size>
         <input_file_ref idref="fl-7"/>
      </object_component>
      <object_component id="oc-10e">
         <name>.data</name>
         <load_address>0x378</load_address>
         <run_address>0x378</run_address>
         <size>0x4</size>
         <input_file_ref idref="fl-7"/>
      </object_component>
      <object_component id="oc-2eb">
         <name>.data</name>
         <load_address>0x37c</load_address>
         <run_address>0x37c</run_address>
         <size>0x4</size>
         <input_file_ref idref="fl-52"/>
      </object_component>
      <object_component id="oc-11d">
         <name>.data:_lock</name>
         <load_address>0x384</load_address>
         <run_address>0x384</run_address>
         <size>0x2</size>
         <input_file_ref idref="fl-57"/>
      </object_component>
      <object_component id="oc-126">
         <name>.data:_unlock</name>
         <load_address>0x386</load_address>
         <run_address>0x386</run_address>
         <size>0x2</size>
         <input_file_ref idref="fl-57"/>
      </object_component>
      <object_component id="oc-172">
         <name>.debug_info</name>
         <load_address>0x0</load_address>
         <run_address>0x0</run_address>
         <size>0x35c</size>
         <input_file_ref idref="fl-2"/>
      </object_component>
      <object_component id="oc-31c">
         <name>.debug_info</name>
         <load_address>0x35c</load_address>
         <run_address>0x35c</run_address>
         <size>0xee</size>
         <input_file_ref idref="fl-2"/>
      </object_component>
      <object_component id="oc-321">
         <name>.debug_info</name>
         <load_address>0x44a</load_address>
         <run_address>0x44a</run_address>
         <size>0xe2</size>
         <input_file_ref idref="fl-2"/>
      </object_component>
      <object_component id="oc-28c">
         <name>.debug_info</name>
         <load_address>0x52c</load_address>
         <run_address>0x52c</run_address>
         <size>0xdc</size>
         <input_file_ref idref="fl-2"/>
      </object_component>
      <object_component id="oc-2be">
         <name>.debug_info</name>
         <load_address>0x608</load_address>
         <run_address>0x608</run_address>
         <size>0x130</size>
         <input_file_ref idref="fl-2"/>
      </object_component>
      <object_component id="oc-154">
         <name>.debug_info</name>
         <load_address>0x738</load_address>
         <run_address>0x738</run_address>
         <size>0x142</size>
         <input_file_ref idref="fl-2"/>
      </object_component>
      <object_component id="oc-190">
         <name>.debug_info</name>
         <load_address>0x87a</load_address>
         <run_address>0x87a</run_address>
         <size>0x2d9</size>
         <input_file_ref idref="fl-2"/>
      </object_component>
      <object_component id="oc-1d4">
         <name>.debug_info</name>
         <load_address>0xb53</load_address>
         <run_address>0xb53</run_address>
         <size>0x152</size>
         <input_file_ref idref="fl-2"/>
      </object_component>
      <object_component id="oc-187">
         <name>.debug_info</name>
         <load_address>0xca5</load_address>
         <run_address>0xca5</run_address>
         <size>0x1c8</size>
         <input_file_ref idref="fl-2"/>
      </object_component>
      <object_component id="oc-294">
         <name>.debug_info</name>
         <load_address>0xe6d</load_address>
         <run_address>0xe6d</run_address>
         <size>0x198</size>
         <input_file_ref idref="fl-2"/>
      </object_component>
      <object_component id="oc-2a1">
         <name>.debug_info</name>
         <load_address>0x1005</load_address>
         <run_address>0x1005</run_address>
         <size>0x174</size>
         <input_file_ref idref="fl-2"/>
      </object_component>
      <object_component id="oc-2a7">
         <name>.debug_info</name>
         <load_address>0x1179</load_address>
         <run_address>0x1179</run_address>
         <size>0x1ce</size>
         <input_file_ref idref="fl-2"/>
      </object_component>
      <object_component id="oc-29a">
         <name>.debug_info</name>
         <load_address>0x1347</load_address>
         <run_address>0x1347</run_address>
         <size>0x152</size>
         <input_file_ref idref="fl-2"/>
      </object_component>
      <object_component id="oc-1ae">
         <name>.debug_info</name>
         <load_address>0x1499</load_address>
         <run_address>0x1499</run_address>
         <size>0xa6</size>
         <input_file_ref idref="fl-2"/>
      </object_component>
      <object_component id="oc-257">
         <name>.debug_info</name>
         <load_address>0x153f</load_address>
         <run_address>0x153f</run_address>
         <size>0x6b</size>
         <input_file_ref idref="fl-2"/>
      </object_component>
      <object_component id="oc-214">
         <name>.debug_info</name>
         <load_address>0x15aa</load_address>
         <run_address>0x15aa</run_address>
         <size>0xb4</size>
         <input_file_ref idref="fl-2"/>
      </object_component>
      <object_component id="oc-25c">
         <name>.debug_info</name>
         <load_address>0x165e</load_address>
         <run_address>0x165e</run_address>
         <size>0x162</size>
         <input_file_ref idref="fl-2"/>
      </object_component>
      <object_component id="oc-f2">
         <name>.debug_info</name>
         <load_address>0x17c0</load_address>
         <run_address>0x17c0</run_address>
         <size>0x84</size>
         <input_file_ref idref="fl-2"/>
      </object_component>
      <object_component id="oc-19c">
         <name>.debug_info</name>
         <load_address>0x1844</load_address>
         <run_address>0x1844</run_address>
         <size>0x46</size>
         <input_file_ref idref="fl-2"/>
      </object_component>
      <object_component id="oc-f9">
         <name>.debug_info</name>
         <load_address>0x188a</load_address>
         <run_address>0x188a</run_address>
         <size>0x2c</size>
         <input_file_ref idref="fl-2"/>
      </object_component>
      <object_component id="oc-2b7">
         <name>.debug_info</name>
         <load_address>0x18b6</load_address>
         <run_address>0x18b6</run_address>
         <size>0x1a0</size>
         <input_file_ref idref="fl-3"/>
      </object_component>
      <object_component id="oc-2ae">
         <name>.debug_info</name>
         <load_address>0x1a56</load_address>
         <run_address>0x1a56</run_address>
         <size>0x178</size>
         <input_file_ref idref="fl-3"/>
      </object_component>
      <object_component id="oc-14e">
         <name>.debug_info</name>
         <load_address>0x1bce</load_address>
         <run_address>0x1bce</run_address>
         <size>0x134</size>
         <input_file_ref idref="fl-3"/>
      </object_component>
      <object_component id="oc-2b1">
         <name>.debug_info</name>
         <load_address>0x1d02</load_address>
         <run_address>0x1d02</run_address>
         <size>0x13a</size>
         <input_file_ref idref="fl-3"/>
      </object_component>
      <object_component id="oc-1db">
         <name>.debug_info</name>
         <load_address>0x1e3c</load_address>
         <run_address>0x1e3c</run_address>
         <size>0x157</size>
         <input_file_ref idref="fl-3"/>
      </object_component>
      <object_component id="oc-196">
         <name>.debug_info</name>
         <load_address>0x1f93</load_address>
         <run_address>0x1f93</run_address>
         <size>0x19f</size>
         <input_file_ref idref="fl-3"/>
      </object_component>
      <object_component id="oc-21a">
         <name>.debug_info</name>
         <load_address>0x2132</load_address>
         <run_address>0x2132</run_address>
         <size>0x1f1</size>
         <input_file_ref idref="fl-4"/>
      </object_component>
      <object_component id="oc-21e">
         <name>.debug_info</name>
         <load_address>0x2323</load_address>
         <run_address>0x2323</run_address>
         <size>0x16e</size>
         <input_file_ref idref="fl-4"/>
      </object_component>
      <object_component id="oc-303">
         <name>.debug_info</name>
         <load_address>0x2491</load_address>
         <run_address>0x2491</run_address>
         <size>0x152</size>
         <input_file_ref idref="fl-4"/>
      </object_component>
      <object_component id="oc-30a">
         <name>.debug_info</name>
         <load_address>0x25e3</load_address>
         <run_address>0x25e3</run_address>
         <size>0x144</size>
         <input_file_ref idref="fl-4"/>
      </object_component>
      <object_component id="oc-224">
         <name>.debug_info</name>
         <load_address>0x2727</load_address>
         <run_address>0x2727</run_address>
         <size>0x18c</size>
         <input_file_ref idref="fl-4"/>
      </object_component>
      <object_component id="oc-22a">
         <name>.debug_info</name>
         <load_address>0x28b3</load_address>
         <run_address>0x28b3</run_address>
         <size>0x150</size>
         <input_file_ref idref="fl-4"/>
      </object_component>
      <object_component id="oc-143">
         <name>.debug_info</name>
         <load_address>0x2a03</load_address>
         <run_address>0x2a03</run_address>
         <size>0x131</size>
         <input_file_ref idref="fl-4"/>
      </object_component>
      <object_component id="oc-149">
         <name>.debug_info</name>
         <load_address>0x2b34</load_address>
         <run_address>0x2b34</run_address>
         <size>0x218</size>
         <input_file_ref idref="fl-4"/>
      </object_component>
      <object_component id="oc-26f">
         <name>.debug_info</name>
         <load_address>0x2d4c</load_address>
         <run_address>0x2d4c</run_address>
         <size>0x1a4</size>
         <input_file_ref idref="fl-4"/>
      </object_component>
      <object_component id="oc-275">
         <name>.debug_info</name>
         <load_address>0x2ef0</load_address>
         <run_address>0x2ef0</run_address>
         <size>0x179</size>
         <input_file_ref idref="fl-4"/>
      </object_component>
      <object_component id="oc-17b">
         <name>.debug_info</name>
         <load_address>0x3069</load_address>
         <run_address>0x3069</run_address>
         <size>0x1f3</size>
         <input_file_ref idref="fl-4"/>
      </object_component>
      <object_component id="oc-283">
         <name>.debug_info</name>
         <load_address>0x325c</load_address>
         <run_address>0x325c</run_address>
         <size>0x132</size>
         <input_file_ref idref="fl-4"/>
      </object_component>
      <object_component id="oc-27d">
         <name>.debug_info</name>
         <load_address>0x338e</load_address>
         <run_address>0x338e</run_address>
         <size>0x134</size>
         <input_file_ref idref="fl-4"/>
      </object_component>
      <object_component id="oc-18d">
         <name>.debug_info</name>
         <load_address>0x34c2</load_address>
         <run_address>0x34c2</run_address>
         <size>0x561</size>
         <input_file_ref idref="fl-5"/>
      </object_component>
      <object_component id="oc-13f">
         <name>.debug_info</name>
         <load_address>0x3a23</load_address>
         <run_address>0x3a23</run_address>
         <size>0x12e</size>
         <input_file_ref idref="fl-5"/>
      </object_component>
      <object_component id="oc-24e">
         <name>.debug_info</name>
         <load_address>0x3b51</load_address>
         <run_address>0x3b51</run_address>
         <size>0xcc</size>
         <input_file_ref idref="fl-5"/>
      </object_component>
      <object_component id="oc-251">
         <name>.debug_info</name>
         <load_address>0x3c1d</load_address>
         <run_address>0x3c1d</run_address>
         <size>0xcc</size>
         <input_file_ref idref="fl-5"/>
      </object_component>
      <object_component id="oc-248">
         <name>.debug_info</name>
         <load_address>0x3ce9</load_address>
         <run_address>0x3ce9</run_address>
         <size>0xe0</size>
         <input_file_ref idref="fl-5"/>
      </object_component>
      <object_component id="oc-24b">
         <name>.debug_info</name>
         <load_address>0x3dc9</load_address>
         <run_address>0x3dc9</run_address>
         <size>0xd8</size>
         <input_file_ref idref="fl-5"/>
      </object_component>
      <object_component id="oc-168">
         <name>.debug_info</name>
         <load_address>0x3ea1</load_address>
         <run_address>0x3ea1</run_address>
         <size>0x173</size>
         <input_file_ref idref="fl-5"/>
      </object_component>
      <object_component id="oc-e0">
         <name>.debug_info</name>
         <load_address>0x4014</load_address>
         <run_address>0x4014</run_address>
         <size>0x241</size>
         <input_file_ref idref="fl-5"/>
      </object_component>
      <object_component id="oc-1e4">
         <name>.debug_info</name>
         <load_address>0x4255</load_address>
         <run_address>0x4255</run_address>
         <size>0x117</size>
         <input_file_ref idref="fl-5"/>
      </object_component>
      <object_component id="oc-130">
         <name>.debug_info</name>
         <load_address>0x436c</load_address>
         <run_address>0x436c</run_address>
         <size>0x138</size>
         <input_file_ref idref="fl-5"/>
      </object_component>
      <object_component id="oc-136">
         <name>.debug_info</name>
         <load_address>0x44a4</load_address>
         <run_address>0x44a4</run_address>
         <size>0x112</size>
         <input_file_ref idref="fl-5"/>
      </object_component>
      <object_component id="oc-267">
         <name>.debug_info</name>
         <load_address>0x45b6</load_address>
         <run_address>0x45b6</run_address>
         <size>0x134</size>
         <input_file_ref idref="fl-6"/>
      </object_component>
      <object_component id="oc-177">
         <name>.debug_info</name>
         <load_address>0x46ea</load_address>
         <run_address>0x46ea</run_address>
         <size>0x1a3</size>
         <input_file_ref idref="fl-6"/>
      </object_component>
      <object_component id="oc-112">
         <name>.debug_info</name>
         <load_address>0x488d</load_address>
         <run_address>0x488d</run_address>
         <size>0x44a</size>
         <input_file_ref idref="fl-7"/>
      </object_component>
      <object_component id="oc-2cf">
         <name>.debug_info</name>
         <load_address>0x4cd7</load_address>
         <run_address>0x4cd7</run_address>
         <size>0xd0</size>
         <input_file_ref idref="fl-7"/>
      </object_component>
      <object_component id="oc-10f">
         <name>.debug_info</name>
         <load_address>0x4da7</load_address>
         <run_address>0x4da7</run_address>
         <size>0x11e</size>
         <input_file_ref idref="fl-7"/>
      </object_component>
      <object_component id="oc-13a">
         <name>.debug_info</name>
         <load_address>0x4ec5</load_address>
         <run_address>0x4ec5</run_address>
         <size>0x1b7</size>
         <input_file_ref idref="fl-7"/>
      </object_component>
      <object_component id="oc-1ea">
         <name>.debug_info</name>
         <load_address>0x507c</load_address>
         <run_address>0x507c</run_address>
         <size>0x1df</size>
         <input_file_ref idref="fl-7"/>
      </object_component>
      <object_component id="oc-1ef">
         <name>.debug_info</name>
         <load_address>0x525b</load_address>
         <run_address>0x525b</run_address>
         <size>0x10c</size>
         <input_file_ref idref="fl-7"/>
      </object_component>
      <object_component id="oc-b1">
         <name>.debug_info</name>
         <load_address>0x5367</load_address>
         <run_address>0x5367</run_address>
         <size>0x119</size>
         <input_file_ref idref="fl-7"/>
      </object_component>
      <object_component id="oc-15c">
         <name>.debug_info</name>
         <load_address>0x5480</load_address>
         <run_address>0x5480</run_address>
         <size>0x122</size>
         <input_file_ref idref="fl-7"/>
      </object_component>
      <object_component id="oc-1f5">
         <name>.debug_info</name>
         <load_address>0x55a2</load_address>
         <run_address>0x55a2</run_address>
         <size>0x108</size>
         <input_file_ref idref="fl-7"/>
      </object_component>
      <object_component id="oc-232">
         <name>.debug_info</name>
         <load_address>0x56aa</load_address>
         <run_address>0x56aa</run_address>
         <size>0x132</size>
         <input_file_ref idref="fl-7"/>
      </object_component>
      <object_component id="oc-162">
         <name>.debug_info</name>
         <load_address>0x57dc</load_address>
         <run_address>0x57dc</run_address>
         <size>0x12a</size>
         <input_file_ref idref="fl-7"/>
      </object_component>
      <object_component id="oc-208">
         <name>.debug_info</name>
         <load_address>0x5906</load_address>
         <run_address>0x5906</run_address>
         <size>0x11a</size>
         <input_file_ref idref="fl-7"/>
      </object_component>
      <object_component id="oc-20e">
         <name>.debug_info</name>
         <load_address>0x5a20</load_address>
         <run_address>0x5a20</run_address>
         <size>0x11c</size>
         <input_file_ref idref="fl-7"/>
      </object_component>
      <object_component id="oc-202">
         <name>.debug_info</name>
         <load_address>0x5b3c</load_address>
         <run_address>0x5b3c</run_address>
         <size>0x11a</size>
         <input_file_ref idref="fl-7"/>
      </object_component>
      <object_component id="oc-1fc">
         <name>.debug_info</name>
         <load_address>0x5c56</load_address>
         <run_address>0x5c56</run_address>
         <size>0x11a</size>
         <input_file_ref idref="fl-7"/>
      </object_component>
      <object_component id="oc-16d">
         <name>.debug_info</name>
         <load_address>0x5d70</load_address>
         <run_address>0x5d70</run_address>
         <size>0x10c</size>
         <input_file_ref idref="fl-7"/>
      </object_component>
      <object_component id="oc-182">
         <name>.debug_info</name>
         <load_address>0x5e7c</load_address>
         <run_address>0x5e7c</run_address>
         <size>0x110</size>
         <input_file_ref idref="fl-7"/>
      </object_component>
      <object_component id="oc-1a9">
         <name>.debug_info</name>
         <load_address>0x5f8c</load_address>
         <run_address>0x5f8c</run_address>
         <size>0x12d</size>
         <input_file_ref idref="fl-7"/>
      </object_component>
      <object_component id="oc-8d">
         <name>.debug_info</name>
         <load_address>0x60b9</load_address>
         <run_address>0x60b9</run_address>
         <size>0xd8</size>
         <input_file_ref idref="fl-36"/>
      </object_component>
      <object_component id="oc-6b">
         <name>.debug_info</name>
         <load_address>0x6191</load_address>
         <run_address>0x6191</run_address>
         <size>0x179</size>
         <input_file_ref idref="fl-37"/>
      </object_component>
      <object_component id="oc-9c">
         <name>.debug_info</name>
         <load_address>0x630a</load_address>
         <run_address>0x630a</run_address>
         <size>0x195</size>
         <input_file_ref idref="fl-38"/>
      </object_component>
      <object_component id="oc-32">
         <name>.debug_info</name>
         <load_address>0x649f</load_address>
         <run_address>0x649f</run_address>
         <size>0x1c2</size>
         <input_file_ref idref="fl-38"/>
      </object_component>
      <object_component id="oc-97">
         <name>.debug_info</name>
         <load_address>0x6661</load_address>
         <run_address>0x6661</run_address>
         <size>0x46</size>
         <input_file_ref idref="fl-38"/>
      </object_component>
      <object_component id="oc-fe">
         <name>.debug_info</name>
         <load_address>0x66a7</load_address>
         <run_address>0x66a7</run_address>
         <size>0x2c</size>
         <input_file_ref idref="fl-38"/>
      </object_component>
      <object_component id="oc-a4">
         <name>.debug_info</name>
         <load_address>0x66d3</load_address>
         <run_address>0x66d3</run_address>
         <size>0x157</size>
         <input_file_ref idref="fl-39"/>
      </object_component>
      <object_component id="oc-9e">
         <name>.debug_info</name>
         <load_address>0x682a</load_address>
         <run_address>0x682a</run_address>
         <size>0x21d</size>
         <input_file_ref idref="fl-39"/>
      </object_component>
      <object_component id="oc-38">
         <name>.debug_info</name>
         <load_address>0x6a47</load_address>
         <run_address>0x6a47</run_address>
         <size>0x194</size>
         <input_file_ref idref="fl-39"/>
      </object_component>
      <object_component id="oc-a5">
         <name>.debug_info</name>
         <load_address>0x6bdb</load_address>
         <run_address>0x6bdb</run_address>
         <size>0x39</size>
         <input_file_ref idref="fl-39"/>
      </object_component>
      <object_component id="oc-bb">
         <name>.debug_info</name>
         <load_address>0x6c14</load_address>
         <run_address>0x6c14</run_address>
         <size>0x14d</size>
         <input_file_ref idref="fl-3a"/>
      </object_component>
      <object_component id="oc-4c">
         <name>.debug_info</name>
         <load_address>0x6d61</load_address>
         <run_address>0x6d61</run_address>
         <size>0x198</size>
         <input_file_ref idref="fl-3a"/>
      </object_component>
      <object_component id="oc-b6">
         <name>.debug_info</name>
         <load_address>0x6ef9</load_address>
         <run_address>0x6ef9</run_address>
         <size>0x46</size>
         <input_file_ref idref="fl-3a"/>
      </object_component>
      <object_component id="oc-2c3">
         <name>.debug_info</name>
         <load_address>0x6f3f</load_address>
         <run_address>0x6f3f</run_address>
         <size>0x114</size>
         <input_file_ref idref="fl-3b"/>
      </object_component>
      <object_component id="oc-28f">
         <name>.debug_info</name>
         <load_address>0x7053</load_address>
         <run_address>0x7053</run_address>
         <size>0x100</size>
         <input_file_ref idref="fl-3c"/>
      </object_component>
      <object_component id="oc-262">
         <name>.debug_info</name>
         <load_address>0x7153</load_address>
         <run_address>0x7153</run_address>
         <size>0x117</size>
         <input_file_ref idref="fl-3d"/>
      </object_component>
      <object_component id="oc-2f9">
         <name>.debug_info</name>
         <load_address>0x726a</load_address>
         <run_address>0x726a</run_address>
         <size>0x102</size>
         <input_file_ref idref="fl-3e"/>
      </object_component>
      <object_component id="oc-108">
         <name>.debug_info</name>
         <load_address>0x736c</load_address>
         <run_address>0x736c</run_address>
         <size>0x10d</size>
         <input_file_ref idref="fl-3f"/>
      </object_component>
      <object_component id="oc-e8">
         <name>.debug_info</name>
         <load_address>0x7479</load_address>
         <run_address>0x7479</run_address>
         <size>0xfa</size>
         <input_file_ref idref="fl-40"/>
      </object_component>
      <object_component id="oc-ad">
         <name>.debug_info</name>
         <load_address>0x7573</load_address>
         <run_address>0x7573</run_address>
         <size>0xee</size>
         <input_file_ref idref="fl-4d"/>
      </object_component>
      <object_component id="oc-f8">
         <name>.debug_info</name>
         <load_address>0x7661</load_address>
         <run_address>0x7661</run_address>
         <size>0x150</size>
         <input_file_ref idref="fl-4e"/>
      </object_component>
      <object_component id="oc-93">
         <name>.debug_info</name>
         <load_address>0x77b1</load_address>
         <run_address>0x77b1</run_address>
         <size>0x174</size>
         <input_file_ref idref="fl-4e"/>
      </object_component>
      <object_component id="oc-2cc">
         <name>.debug_info</name>
         <load_address>0x7925</load_address>
         <run_address>0x7925</run_address>
         <size>0x100</size>
         <input_file_ref idref="fl-50"/>
      </object_component>
      <object_component id="oc-bf">
         <name>.debug_info</name>
         <load_address>0x7a25</load_address>
         <run_address>0x7a25</run_address>
         <size>0x12b</size>
         <input_file_ref idref="fl-51"/>
      </object_component>
      <object_component id="oc-2ef">
         <name>.debug_info</name>
         <load_address>0x7b50</load_address>
         <run_address>0x7b50</run_address>
         <size>0x16a</size>
         <input_file_ref idref="fl-52"/>
      </object_component>
      <object_component id="oc-2ec">
         <name>.debug_info</name>
         <load_address>0x7cba</load_address>
         <run_address>0x7cba</run_address>
         <size>0xd3</size>
         <input_file_ref idref="fl-52"/>
      </object_component>
      <object_component id="oc-240">
         <name>.debug_info</name>
         <load_address>0x7d8d</load_address>
         <run_address>0x7d8d</run_address>
         <size>0x135</size>
         <input_file_ref idref="fl-52"/>
      </object_component>
      <object_component id="oc-316">
         <name>.debug_info</name>
         <load_address>0x7ec2</load_address>
         <run_address>0x7ec2</run_address>
         <size>0x129</size>
         <input_file_ref idref="fl-52"/>
      </object_component>
      <object_component id="oc-301">
         <name>.debug_info</name>
         <load_address>0x7feb</load_address>
         <run_address>0x7feb</run_address>
         <size>0x13a</size>
         <input_file_ref idref="fl-53"/>
      </object_component>
      <object_component id="oc-269">
         <name>.debug_info</name>
         <load_address>0x8125</load_address>
         <run_address>0x8125</run_address>
         <size>0x1c8</size>
         <input_file_ref idref="fl-53"/>
      </object_component>
      <object_component id="oc-2ea">
         <name>.debug_info</name>
         <load_address>0x82ed</load_address>
         <run_address>0x82ed</run_address>
         <size>0x154</size>
         <input_file_ref idref="fl-54"/>
      </object_component>
      <object_component id="oc-238">
         <name>.debug_info</name>
         <load_address>0x8441</load_address>
         <run_address>0x8441</run_address>
         <size>0x151</size>
         <input_file_ref idref="fl-54"/>
      </object_component>
      <object_component id="oc-2e5">
         <name>.debug_info</name>
         <load_address>0x8592</load_address>
         <run_address>0x8592</run_address>
         <size>0x2c</size>
         <input_file_ref idref="fl-54"/>
      </object_component>
      <object_component id="oc-331">
         <name>.debug_info</name>
         <load_address>0x85be</load_address>
         <run_address>0x85be</run_address>
         <size>0x2c2</size>
         <input_file_ref idref="fl-55"/>
      </object_component>
      <object_component id="oc-2df">
         <name>.debug_info</name>
         <load_address>0x8880</load_address>
         <run_address>0x8880</run_address>
         <size>0x178</size>
         <input_file_ref idref="fl-55"/>
      </object_component>
      <object_component id="oc-361">
         <name>.debug_info</name>
         <load_address>0x89f8</load_address>
         <run_address>0x89f8</run_address>
         <size>0x2c</size>
         <input_file_ref idref="fl-55"/>
      </object_component>
      <object_component id="oc-366">
         <name>.debug_info</name>
         <load_address>0x8a24</load_address>
         <run_address>0x8a24</run_address>
         <size>0x2c</size>
         <input_file_ref idref="fl-55"/>
      </object_component>
      <object_component id="oc-345">
         <name>.debug_info</name>
         <load_address>0x8a50</load_address>
         <run_address>0x8a50</run_address>
         <size>0x39</size>
         <input_file_ref idref="fl-55"/>
      </object_component>
      <object_component id="oc-36f">
         <name>.debug_info</name>
         <load_address>0x8a89</load_address>
         <run_address>0x8a89</run_address>
         <size>0x16b</size>
         <input_file_ref idref="fl-56"/>
      </object_component>
      <object_component id="oc-36c">
         <name>.debug_info</name>
         <load_address>0x8bf4</load_address>
         <run_address>0x8bf4</run_address>
         <size>0xde</size>
         <input_file_ref idref="fl-56"/>
      </object_component>
      <object_component id="oc-335">
         <name>.debug_info</name>
         <load_address>0x8cd2</load_address>
         <run_address>0x8cd2</run_address>
         <size>0x1b7</size>
         <input_file_ref idref="fl-56"/>
      </object_component>
      <object_component id="oc-33b">
         <name>.debug_info</name>
         <load_address>0x8e89</load_address>
         <run_address>0x8e89</run_address>
         <size>0x172</size>
         <input_file_ref idref="fl-56"/>
      </object_component>
      <object_component id="oc-1c9">
         <name>.debug_info</name>
         <load_address>0x8ffb</load_address>
         <run_address>0x8ffb</run_address>
         <size>0x13b</size>
         <input_file_ref idref="fl-57"/>
      </object_component>
      <object_component id="oc-11e">
         <name>.debug_info</name>
         <load_address>0x9136</load_address>
         <run_address>0x9136</run_address>
         <size>0xd7</size>
         <input_file_ref idref="fl-57"/>
      </object_component>
      <object_component id="oc-127">
         <name>.debug_info</name>
         <load_address>0x920d</load_address>
         <run_address>0x920d</run_address>
         <size>0xdb</size>
         <input_file_ref idref="fl-57"/>
      </object_component>
      <object_component id="oc-1c4">
         <name>.debug_info</name>
         <load_address>0x92e8</load_address>
         <run_address>0x92e8</run_address>
         <size>0x106</size>
         <input_file_ref idref="fl-57"/>
      </object_component>
      <object_component id="oc-11a">
         <name>.debug_info</name>
         <load_address>0x93ee</load_address>
         <run_address>0x93ee</run_address>
         <size>0x2cc</size>
         <input_file_ref idref="fl-59"/>
      </object_component>
      <object_component id="oc-c5">
         <name>.debug_info</name>
         <load_address>0x96ba</load_address>
         <run_address>0x96ba</run_address>
         <size>0x17e</size>
         <input_file_ref idref="fl-59"/>
      </object_component>
      <object_component id="oc-1b5">
         <name>.debug_info</name>
         <load_address>0x9838</load_address>
         <run_address>0x9838</run_address>
         <size>0x39</size>
         <input_file_ref idref="fl-59"/>
      </object_component>
      <object_component id="oc-341">
         <name>.debug_info</name>
         <load_address>0x9871</load_address>
         <run_address>0x9871</run_address>
         <size>0x105</size>
         <input_file_ref idref="fl-5a"/>
      </object_component>
      <object_component id="oc-357">
         <name>.debug_info</name>
         <load_address>0x9976</load_address>
         <run_address>0x9976</run_address>
         <size>0x100</size>
         <input_file_ref idref="fl-5c"/>
      </object_component>
      <object_component id="oc-3b1">
         <name>.debug_info</name>
         <load_address>0x9a76</load_address>
         <run_address>0x9a76</run_address>
         <size>0xa8</size>
      </object_component>
      <object_component id="oc-256">
         <name>.debug_line</name>
         <load_address>0x0</load_address>
         <run_address>0x0</run_address>
         <size>0xdf</size>
         <input_file_ref idref="fl-2"/>
      </object_component>
      <object_component id="oc-35c">
         <name>.debug_line</name>
         <load_address>0xdf</load_address>
         <run_address>0xdf</run_address>
         <size>0x3a</size>
         <input_file_ref idref="fl-2"/>
      </object_component>
      <object_component id="oc-35e">
         <name>.debug_line</name>
         <load_address>0x119</load_address>
         <run_address>0x119</run_address>
         <size>0x3a</size>
         <input_file_ref idref="fl-2"/>
      </object_component>
      <object_component id="oc-313">
         <name>.debug_line</name>
         <load_address>0x153</load_address>
         <run_address>0x153</run_address>
         <size>0x3a</size>
         <input_file_ref idref="fl-2"/>
      </object_component>
      <object_component id="oc-32b">
         <name>.debug_line</name>
         <load_address>0x18d</load_address>
         <run_address>0x18d</run_address>
         <size>0x3a</size>
         <input_file_ref idref="fl-2"/>
      </object_component>
      <object_component id="oc-158">
         <name>.debug_line</name>
         <load_address>0x1c7</load_address>
         <run_address>0x1c7</run_address>
         <size>0x51</size>
         <input_file_ref idref="fl-2"/>
      </object_component>
      <object_component id="oc-194">
         <name>.debug_line</name>
         <load_address>0x218</load_address>
         <run_address>0x218</run_address>
         <size>0x87</size>
         <input_file_ref idref="fl-2"/>
      </object_component>
      <object_component id="oc-1d8">
         <name>.debug_line</name>
         <load_address>0x29f</load_address>
         <run_address>0x29f</run_address>
         <size>0x60</size>
         <input_file_ref idref="fl-2"/>
      </object_component>
      <object_component id="oc-18b">
         <name>.debug_line</name>
         <load_address>0x2ff</load_address>
         <run_address>0x2ff</run_address>
         <size>0x73</size>
         <input_file_ref idref="fl-2"/>
      </object_component>
      <object_component id="oc-297">
         <name>.debug_line</name>
         <load_address>0x372</load_address>
         <run_address>0x372</run_address>
         <size>0x52</size>
         <input_file_ref idref="fl-2"/>
      </object_component>
      <object_component id="oc-2a4">
         <name>.debug_line</name>
         <load_address>0x3c4</load_address>
         <run_address>0x3c4</run_address>
         <size>0x51</size>
         <input_file_ref idref="fl-2"/>
      </object_component>
      <object_component id="oc-2aa">
         <name>.debug_line</name>
         <load_address>0x415</load_address>
         <run_address>0x415</run_address>
         <size>0x55</size>
         <input_file_ref idref="fl-2"/>
      </object_component>
      <object_component id="oc-29e">
         <name>.debug_line</name>
         <load_address>0x46a</load_address>
         <run_address>0x46a</run_address>
         <size>0x51</size>
         <input_file_ref idref="fl-2"/>
      </object_component>
      <object_component id="oc-1b1">
         <name>.debug_line</name>
         <load_address>0x4bb</load_address>
         <run_address>0x4bb</run_address>
         <size>0x31</size>
         <input_file_ref idref="fl-2"/>
      </object_component>
      <object_component id="oc-25a">
         <name>.debug_line</name>
         <load_address>0x4ec</load_address>
         <run_address>0x4ec</run_address>
         <size>0x3a</size>
         <input_file_ref idref="fl-2"/>
      </object_component>
      <object_component id="oc-217">
         <name>.debug_line</name>
         <load_address>0x526</load_address>
         <run_address>0x526</run_address>
         <size>0x30</size>
         <input_file_ref idref="fl-2"/>
      </object_component>
      <object_component id="oc-25f">
         <name>.debug_line</name>
         <load_address>0x556</load_address>
         <run_address>0x556</run_address>
         <size>0x61</size>
         <input_file_ref idref="fl-2"/>
      </object_component>
      <object_component id="oc-f5">
         <name>.debug_line</name>
         <load_address>0x5b7</load_address>
         <run_address>0x5b7</run_address>
         <size>0x20</size>
         <input_file_ref idref="fl-2"/>
      </object_component>
      <object_component id="oc-19f">
         <name>.debug_line</name>
         <load_address>0x5d7</load_address>
         <run_address>0x5d7</run_address>
         <size>0x31</size>
         <input_file_ref idref="fl-2"/>
      </object_component>
      <object_component id="oc-fc">
         <name>.debug_line</name>
         <load_address>0x608</load_address>
         <run_address>0x608</run_address>
         <size>0x63</size>
         <input_file_ref idref="fl-2"/>
      </object_component>
      <object_component id="oc-329">
         <name>.debug_line</name>
         <load_address>0x66b</load_address>
         <run_address>0x66b</run_address>
         <size>0x31</size>
         <input_file_ref idref="fl-3"/>
      </object_component>
      <object_component id="oc-326">
         <name>.debug_line</name>
         <load_address>0x69c</load_address>
         <run_address>0x69c</run_address>
         <size>0x38</size>
         <input_file_ref idref="fl-3"/>
      </object_component>
      <object_component id="oc-151">
         <name>.debug_line</name>
         <load_address>0x6d4</load_address>
         <run_address>0x6d4</run_address>
         <size>0x4b</size>
         <input_file_ref idref="fl-3"/>
      </object_component>
      <object_component id="oc-2b4">
         <name>.debug_line</name>
         <load_address>0x71f</load_address>
         <run_address>0x71f</run_address>
         <size>0x4b</size>
         <input_file_ref idref="fl-3"/>
      </object_component>
      <object_component id="oc-1da">
         <name>.debug_line</name>
         <load_address>0x76a</load_address>
         <run_address>0x76a</run_address>
         <size>0x65</size>
         <input_file_ref idref="fl-3"/>
      </object_component>
      <object_component id="oc-199">
         <name>.debug_line</name>
         <load_address>0x7cf</load_address>
         <run_address>0x7cf</run_address>
         <size>0x64</size>
         <input_file_ref idref="fl-3"/>
      </object_component>
      <object_component id="oc-2d9">
         <name>.debug_line</name>
         <load_address>0x833</load_address>
         <run_address>0x833</run_address>
         <size>0x73</size>
         <input_file_ref idref="fl-4"/>
      </object_component>
      <object_component id="oc-221">
         <name>.debug_line</name>
         <load_address>0x8a6</load_address>
         <run_address>0x8a6</run_address>
         <size>0x55</size>
         <input_file_ref idref="fl-4"/>
      </object_component>
      <object_component id="oc-306">
         <name>.debug_line</name>
         <load_address>0x8fb</load_address>
         <run_address>0x8fb</run_address>
         <size>0x45</size>
         <input_file_ref idref="fl-4"/>
      </object_component>
      <object_component id="oc-309">
         <name>.debug_line</name>
         <load_address>0x940</load_address>
[...]
         <value>0x10f7</value>
      </symbol>
      <symbol id="sm-61">
         <name>TLV_ADC10_1_TAG</name>
         <value>0x10da</value>
      </symbol>
      <symbol id="sm-62">
         <name>TLV_ADC10_1_LEN</name>
         <value>0x10db</value>
      </symbol>
      <symbol id="sm-63">
         <name>__TI_CINIT_Base</name>
         <value>0xd0fe</value>
      </symbol>
      <symbol id="sm-64">
         <name>__TI_CINIT_Limit</name>
         <value>0xd10a</value>
      </symbol>
      <symbol id="sm-65">
         <name>__TI_Handler_Table_Base</name>
         <value>0xd0f0</value>
      </symbol>
      <symbol id="sm-66">
         <name>__TI_Handler_Table_Limit</name>
         <value>0xd0f6</value>
      </symbol>
      <symbol id="sm-67">
         <name>binit</name>
         <value>0xffffffff</value>
      </symbol>
      <symbol id="sm-68">
         <name>__binit__</name>
         <value>0xffffffff</value>
      </symbol>
      <symbol id="sm-69">
         <name>__STACK_SIZE</name>
         <value>0x50</value>
      </symbol>
      <symbol id="sm-6a">
         <name>__STACK_END</name>
         <value>0x400</value>
      </symbol>
      <symbol id="sm-6b">
         <name>__c_args__</name>
         <value>0xffffffff</value>
      </symbol>
      <symbol id="sm-156">
         <name>sY</name>
         <value>0x388</value>
      </symbol>
      <symbol id="sm-157">
         <name>display_init</name>
         <value>0xcc92</value>
         <object_component_ref idref="oc-153"/>
      </symbol>
      <symbol id="sm-158">
         <name>display_set_state</name>
         <value>0xc6ca</value>
         <object_component_ref idref="oc-186"/>
      </symbol>
      <symbol id="sm-159">
         <name>display_cyclic_1sec</name>
         <value>0xc0fe</value>
         <object_component_ref idref="oc-18f"/>
      </symbol>
      <symbol id="sm-15a">
         <name>display_cyclic_10msec</name>
         <value>0xc886</value>
         <object_component_ref idref="oc-1d3"/>
      </symbol>
      <symbol id="sm-189">
         <name>servo_cyclic_1sec</name>
         <value>0xc5c0</value>
         <object_component_ref idref="oc-195"/>
      </symbol>
      <symbol id="sm-18a">
         <name>servo_ring_cnt</name>
         <value>0x374</value>
         <object_component_ref idref="oc-2ad"/>
      </symbol>
      <symbol id="sm-18b">
         <name>servo_init</name>
         <value>0xcd10</value>
         <object_component_ref idref="oc-14d"/>
      </symbol>
      <symbol id="sm-18c">
         <name>servo_activate_cnt</name>
         <value>0x372</value>
         <object_component_ref idref="oc-2ad"/>
      </symbol>
      <symbol id="sm-18d">
         <name>servo_count</name>
         <value>0x370</value>
         <object_component_ref idref="oc-2ad"/>
      </symbol>
      <symbol id="sm-18e">
         <name>multiring_buf_cnt</name>
         <value>0x376</value>
         <object_component_ref idref="oc-2ad"/>
      </symbol>
      <symbol id="sm-18f">
         <name>servo_cyclic10msec</name>
         <value>0xc76e</value>
         <object_component_ref idref="oc-1d9"/>
      </symbol>
      <symbol id="sm-1fb">
         <name>priv_disp_conf_ptr</name>
         <value>0x3a2</value>
      </symbol>
      <symbol id="sm-1fc">
         <name>disp_init</name>
         <value>0xc000</value>
         <object_component_ref idref="oc-147"/>
      </symbol>
      <symbol id="sm-1fd">
         <name>disp_write_string</name>
         <value>0xc50c</value>
         <object_component_ref idref="oc-17a"/>
      </symbol>
      <symbol id="sm-1fe">
         <name>disp_clear_high</name>
         <value>0xcb3e</value>
         <object_component_ref idref="oc-27c"/>
      </symbol>
      <symbol id="sm-1ff">
         <name>disp_set_conf</name>
         <value>0xcd4c</value>
         <object_component_ref idref="oc-141"/>
      </symbol>
      <symbol id="sm-200">
         <name>disp_write_char</name>
         <value>0xcafc</value>
         <object_component_ref idref="oc-26e"/>
      </symbol>
      <symbol id="sm-201">
         <name>disp_clear_low</name>
         <value>0xca8a</value>
         <object_component_ref idref="oc-282"/>
      </symbol>
      <symbol id="sm-202">
         <name>disp_empty_char</name>
         <value>0xccd0</value>
         <object_component_ref idref="oc-274"/>
      </symbol>
      <symbol id="sm-253">
         <name>menu1</name>
         <value>0xd06c</value>
         <object_component_ref idref="oc-24d"/>
      </symbol>
      <symbol id="sm-254">
         <name>menu2</name>
         <value>0xd04a</value>
         <object_component_ref idref="oc-250"/>
      </symbol>
      <symbol id="sm-255">
         <name>number_of_minutes</name>
         <value>0x36e</value>
         <object_component_ref idref="oc-13e"/>
      </symbol>
      <symbol id="sm-256">
         <name>main</name>
         <value>0xc384</value>
         <object_component_ref idref="oc-dc"/>
      </symbol>
      <symbol id="sm-257">
         <name>version_str</name>
         <value>0xd086</value>
         <object_component_ref idref="oc-24a"/>
      </symbol>
      <symbol id="sm-258">
         <name>welcome_message</name>
         <value>0xd05c</value>
         <object_component_ref idref="oc-247"/>
      </symbol>
      <symbol id="sm-26b">
         <name>long2string</name>
         <value>0xc2b2</value>
         <object_component_ref idref="oc-174"/>
      </symbol>
      <symbol id="sm-2ff">
         <name>set_rs</name>
         <value>0xcc24</value>
         <object_component_ref idref="oc-200"/>
      </symbol>
      <symbol id="sm-300">
         <name>set_si</name>
         <value>0xccb2</value>
         <object_component_ref idref="oc-206"/>
      </symbol>
      <symbol id="sm-301">
         <name>ports_init</name>
         <value>0xc1d8</value>
         <object_component_ref idref="oc-1e7"/>
      </symbol>
      <symbol id="sm-302">
         <name>pwm_init</name>
         <value>0xca62</value>
         <object_component_ref idref="oc-1f3"/>
      </symbol>
      <symbol id="sm-303">
         <name>__TI_int09</name>
         <value>0xfff2</value>
         <object_component_ref idref="oc-44"/>
      </symbol>
      <symbol id="sm-304">
         <name>ports</name>
         <value>0x320</value>
         <object_component_ref idref="oc-2ce"/>
      </symbol>
      <symbol id="sm-305">
         <name>Timer0_A0</name>
         <value>0xc848</value>
         <object_component_ref idref="oc-af"/>
      </symbol>
      <symbol id="sm-306">
         <name>bReady</name>
         <value>0x37a</value>
         <object_component_ref idref="oc-10e"/>
      </symbol>
      <symbol id="sm-307">
         <name>register_init</name>
         <value>0xc7bc</value>
         <object_component_ref idref="oc-138"/>
      </symbol>
      <symbol id="sm-308">
         <name>isBtnSet</name>
         <value>0xccde</value>
         <object_component_ref idref="oc-16b"/>
      </symbol>
      <symbol id="sm-309">
         <name>set_clk</name>
         <value>0xcbfc</value>
         <object_component_ref idref="oc-20c"/>
      </symbol>
      <symbol id="sm-30a">
         <name>isBtnStart</name>
         <value>0xcd06</value>
         <object_component_ref idref="oc-180"/>
      </symbol>
      <symbol id="sm-30b">
         <name>set_cs</name>
         <value>0xcc10</value>
         <object_component_ref idref="oc-1fa"/>
      </symbol>
      <symbol id="sm-30c">
         <name>set_pwm_duty</name>
         <value>0xcd52</value>
         <object_component_ref idref="oc-230"/>
      </symbol>
      <symbol id="sm-30d">
         <name>timer_init</name>
         <value>0xcc38</value>
         <object_component_ref idref="oc-1ed"/>
      </symbol>
      <symbol id="sm-30e">
         <name>PORT_BACKLIGHT</name>
         <value>0xcc82</value>
         <object_component_ref idref="oc-15f"/>
      </symbol>
      <symbol id="sm-30f">
         <name>wait_msec</name>
         <value>0xcba6</value>
         <object_component_ref idref="oc-159"/>
      </symbol>
      <symbol id="sm-318">
         <name>_stack</name>
         <value>0x3b0</value>
         <object_component_ref idref="oc-8c"/>
      </symbol>
      <symbol id="sm-319">
         <name>_reset_vector</name>
         <value>0xfffe</value>
         <object_component_ref idref="oc-8f"/>
      </symbol>
      <symbol id="sm-324">
         <name>_c_int00_noargs_noexit</name>
         <value>0xcb5c</value>
         <object_component_ref idref="oc-68"/>
      </symbol>
      <symbol id="sm-33a">
         <name>__TI_decompress_none</name>
         <value>0xcc4c</value>
         <object_component_ref idref="oc-31"/>
      </symbol>
      <symbol id="sm-35c">
         <name>__TI_decompress_rle24</name>
         <value>0xcd46</value>
         <object_component_ref idref="oc-37"/>
      </symbol>
      <symbol id="sm-36f">
         <name>__TI_zero_init</name>
         <value>0xcbd4</value>
         <object_component_ref idref="oc-4a"/>
      </symbol>
      <symbol id="sm-37b">
         <name>__mspabi_remi</name>
         <value>0xca36</value>
         <object_component_ref idref="oc-2c2"/>
      </symbol>
      <symbol id="sm-37c">
         <name>__mspabi_divi</name>
         <value>0xca36</value>
         <object_component_ref idref="oc-2c2"/>
      </symbol>
      <symbol id="sm-386">
         <name>__mspabi_remu</name>
         <value>0xcbbe</value>
         <object_component_ref idref="oc-28e"/>
      </symbol>
      <symbol id="sm-387">
         <name>__mspabi_divu</name>
         <value>0xcbbe</value>
         <object_component_ref idref="oc-28e"/>
      </symbol>
      <symbol id="sm-394">
         <name>__mspabi_remli</name>
         <value>0xc808</value>
         <object_component_ref idref="oc-261"/>
      </symbol>
      <symbol id="sm-395">
         <name>__mspabi_divli</name>
         <value>0xc808</value>
         <object_component_ref idref="oc-261"/>
      </symbol>
      <symbol id="sm-3a4">
         <name>__mspabi_remul</name>
         <value>0xc672</value>
         <object_component_ref idref="oc-2f8"/>
      </symbol>
      <symbol id="sm-3a5">
         <name>__mspabi_divul</name>
         <value>0xc672</value>
         <object_component_ref idref="oc-2f8"/>
      </symbol>
      <symbol id="sm-3ae">
         <name>__mspabi_func_epilog_2</name>
         <value>0xccac</value>
         <object_component_ref idref="oc-105"/>
      </symbol>
      <symbol id="sm-3af">
         <name>__mspabi_func_epilog_3</name>
         <value>0xccaa</value>
         <object_component_ref idref="oc-105"/>
      </symbol>
      <symbol id="sm-3b0">
         <name>__mspabi_func_epilog_1</name>
         <value>0xccae</value>
         <object_component_ref idref="oc-105"/>
      </symbol>
      <symbol id="sm-3b1">
         <name>__mspabi_func_epilog_6</name>
         <value>0xcca4</value>
         <object_component_ref idref="oc-105"/>
      </symbol>
      <symbol id="sm-3b2">
         <name>__mspabi_func_epilog_7</name>
         <value>0xcca2</value>
         <object_component_ref idref="oc-105"/>
      </symbol>
      <symbol id="sm-3b3">
         <name>__mspabi_func_epilog_4</name>
         <value>0xcca8</value>
         <object_component_ref idref="oc-105"/>
      </symbol>
      <symbol id="sm-3b4">
         <name>__mspabi_func_epilog_5</name>
         <value>0xcca6</value>
         <object_component_ref idref="oc-105"/>
      </symbol>
      <symbol id="sm-3bf">
         <name>C$$EXIT</name>
         <value>0xcd5c</value>
         <object_component_ref idref="oc-e4"/>
      </symbol>
      <symbol id="sm-3c0">
         <name>abort</name>
         <value>0xcd5c</value>
         <object_component_ref idref="oc-e4"/>
      </symbol>
      <symbol id="sm-3c3">
         <name>__TI_int00</name>
         <value>0xffe0</value>
         <object_component_ref idref="oc-3d"/>
      </symbol>
      <symbol id="sm-3c6">
         <name>__TI_int02</name>
         <value>0xffe4</value>
         <object_component_ref idref="oc-3e"/>
      </symbol>
      <symbol id="sm-3c9">
         <name>__TI_int03</name>
         <value>0xffe6</value>
         <object_component_ref idref="oc-3f"/>
      </symbol>
      <symbol id="sm-3cc">
         <name>__TI_int05</name>
         <value>0xffea</value>
         <object_component_ref idref="oc-40"/>
      </symbol>
      <symbol id="sm-3cf">
         <name>__TI_int06</name>
         <value>0xffec</value>
         <object_component_ref idref="oc-41"/>
      </symbol>
      <symbol id="sm-3d2">
         <name>__TI_int07</name>
         <value>0xffee</value>
         <object_component_ref idref="oc-42"/>
      </symbol>
      <symbol id="sm-3d5">
         <name>__TI_int08</name>
         <value>0xfff0</value>
         <object_component_ref idref="oc-43"/>
      </symbol>
      <symbol id="sm-3d8">
         <name>__TI_int10</name>
         <value>0xfff4</value>
         <object_component_ref idref="oc-45"/>
      </symbol>
      <symbol id="sm-3db">
         <name>__TI_int11</name>
         <value>0xfff6</value>
         <object_component_ref idref="oc-46"/>
      </symbol>
      <symbol id="sm-3de">
         <name>__TI_int12</name>
         <value>0xfff8</value>
         <object_component_ref idref="oc-47"/>
      </symbol>
      <symbol id="sm-3e1">
         <name>__TI_int13</name>
         <value>0xfffa</value>
         <object_component_ref idref="oc-48"/>
      </symbol>
      <symbol id="sm-3e4">
         <name>__TI_int14</name>
         <value>0xfffc</value>
         <object_component_ref idref="oc-49"/>
      </symbol>
      <symbol id="sm-3ec">
         <name>__TI_ISR_TRAP</name>
         <value>0xcd40</value>
         <object_component_ref idref="oc-aa"/>
      </symbol>
      <symbol id="sm-3fa">
         <name>memcpy</name>
         <value>0xcc70</value>
         <object_component_ref idref="oc-90"/>
      </symbol>
      <symbol id="sm-405">
         <name>__mspabi_mpyi_sw</name>
         <value>0xcbe8</value>
         <object_component_ref idref="oc-2c9"/>
      </symbol>
      <symbol id="sm-406">
         <name>__mspabi_mpyi</name>
         <value>0xcbe8</value>
         <object_component_ref idref="oc-2c9"/>
      </symbol>
      <symbol id="sm-40f">
         <name>_system_pre_init</name>
         <value>0xcd58</value>
         <object_component_ref idref="oc-bc"/>
      </symbol>
      <symbol id="sm-428">
         <name>rand</name>
         <value>0xc974</value>
         <object_component_ref idref="oc-315"/>
      </symbol>
      <symbol id="sm-429">
         <name>srand</name>
         <value>0xcb76</value>
         <object_component_ref idref="oc-23d"/>
      </symbol>
      <symbol id="sm-436">
         <name>strlen</name>
         <value>0xccec</value>
         <object_component_ref idref="oc-268"/>
      </symbol>
      <symbol id="sm-448">
         <name>time</name>
         <value>0xcb8e</value>
         <object_component_ref idref="oc-237"/>
      </symbol>
      <symbol id="sm-465">
         <name>HOSTtime</name>
         <value>0xc71e</value>
         <object_component_ref idref="oc-2de"/>
      </symbol>
      <symbol id="sm-483">
         <name>__TI_readmsg</name>
         <value>0xca0a</value>
         <object_component_ref idref="oc-339"/>
      </symbol>
      <symbol id="sm-484">
         <name>C$$IO$$</name>
         <value>0xca06</value>
         <object_component_ref idref="oc-333"/>
      </symbol>
      <symbol id="sm-485">
         <name>_CIOBUF_</name>
         <value>0x200</value>
         <object_component_ref idref="oc-36b"/>
      </symbol>
      <symbol id="sm-486">
         <name>__TI_writemsg</name>
         <value>0xc9dc</value>
         <object_component_ref idref="oc-333"/>
      </symbol>
      <symbol id="sm-49c">
         <name>_nop</name>
         <value>0xcd60</value>
         <object_component_ref idref="oc-1c1"/>
      </symbol>
      <symbol id="sm-49d">
         <name>_lock</name>
         <value>0x384</value>
         <object_component_ref idref="oc-11d"/>
      </symbol>
      <symbol id="sm-49e">
         <name>_unlock</name>
         <value>0x386</value>
         <object_component_ref idref="oc-126"/>
      </symbol>
      <symbol id="sm-4b7">
         <name>_auto_init</name>
         <value>0xc61a</value>
         <object_component_ref idref="oc-c2"/>
      </symbol>
      <symbol id="sm-4bf">
         <name>__mspabi_slll_9</name>
         <value>0xc8dc</value>
         <object_component_ref idref="oc-33f"/>
      </symbol>
      <symbol id="sm-4c0">
         <name>__mspabi_slll_8</name>
         <value>0xc8e0</value>
         <object_component_ref idref="oc-33f"/>
      </symbol>
      <symbol id="sm-4c1">
         <name>__mspabi_slll_7</name>
         <value>0xc8e4</value>
         <object_component_ref idref="oc-33f"/>
      </symbol>
      <symbol id="sm-4c2">
         <name>__mspabi_slll_6</name>
         <value>0xc8e8</value>
         <object_component_ref idref="oc-33f"/>
      </symbol>
      <symbol id="sm-4c3">
         <name>__mspabi_slll_5</name>
         <value>0xc8ec</value>
         <object_component_ref idref="oc-33f"/>
      </symbol>
      <symbol id="sm-4c4">
         <name>__mspabi_slll_4</name>
         <value>0xc8f0</value>
         <object_component_ref idref="oc-33f"/>
      </symbol>
      <symbol id="sm-4c5">
         <name>__mspabi_slll_3</name>
         <value>0xc8f4</value>
         <object_component_ref idref="oc-33f"/>
      </symbol>
      <symbol id="sm-4c6">
         <name>__mspabi_slll_2</name>
         <value>0xc8f8</value>
         <object_component_ref idref="oc-33f"/>
      </symbol>
      <symbol id="sm-4c7">
         <name>__mspabi_slll_1</name>
         <value>0xc8fc</value>
         <object_component_ref idref="oc-33f"/>
      </symbol>
      <symbol id="sm-4c8">
         <name>__mspabi_slll_15</name>
         <value>0xc8c4</value>
         <object_component_ref idref="oc-33f"/>
      </symbol>
      <symbol id="sm-4c9">
         <name>__mspabi_slll_14</name>
         <value>0xc8c8</value>
         <object_component_ref idref="oc-33f"/>
      </symbol>
      <symbol id="sm-4ca">
         <name>__mspabi_slll_13</name>
         <value>0xc8cc</value>
         <object_component_ref idref="oc-33f"/>
      </symbol>
      <symbol id="sm-4cb">
         <name>__mspabi_slll_12</name>
         <value>0xc8d0</value>
         <object_component_ref idref="oc-33f"/>
      </symbol>
      <symbol id="sm-4cc">
         <name>__mspabi_slll_11</name>
         <value>0xc8d4</value>
         <object_component_ref idref="oc-33f"/>
      </symbol>
      <symbol id="sm-4cd">
         <name>__mspabi_slll_10</name>
         <value>0xc8d8</value>
         <object_component_ref idref="oc-33f"/>
      </symbol>
      <symbol id="sm-4d8">
         <name>__mspabi_mpyl_sw</name>
         <value>0xcad6</value>
         <object_component_ref idref="oc-355"/>
      </symbol>
      <symbol id="sm-4d9">
         <name>__mspabi_mpyl</name>
         <value>0xcad6</value>
         <object_component_ref idref="oc-355"/>
      </symbol>
      <symbol id="sm-4dc">
         <name>__TI_INITARRAY_Base</name>
         <value>0x0</value>
      </symbol>
      <symbol id="sm-4dd">
         <name>__TI_INITARRAY_Limit</name>
         <value>0x0</value>
      </symbol>
   </symbol_table>
   <title>Link successful</title>
</link_info>
